(node:9530) [THREE_CJS_DEPRECATED] DeprecationWarning: `require("three")` is deprecated and will be removed.
Replace `const THREE = require("three")` with `import * as THREE from "three"`.
(Use `node --trace-deprecation ...` to show where the warning was created)
Native 720p 01-intro-finished-hero: 1280x720 t=0.000000000
Native 720p 02-intro-fully-exploded: 1280x720 t=3.750000000
Native 720p 03-step1-exact-reset: 1280x720 t=5.000000000
Native 720p 04-early-hardware-macro: 1280x720 t=20.951110000
Native 720p 05-cabinet-medium: 1280x720 t=78.063693889
Native 720p 06-b8-cabinet-face: 1280x720 t=117.853693889
Native 720p 07-bed-face: 1280x720 t=252.063693889
Native 720p 08-step25-connection: 1280x720 t=383.413693889
Native 720p 09-step26-corrected-active-connection: 1280x720 t=395.183693889
Native 720p 10-folding-legs: 1280x720 t=417.139693889
Native 720p 11-wall-anchoring: 1280x720 t=469.191193889
Native 720p 12-final-bedroom-hero: 1280x720 t=523.453693889
Native 1080p 01-intro-finished-hero: 1920x1080 t=0.000000000
Native 1080p 02-intro-fully-exploded: 1920x1080 t=3.750000000
Native 1080p 03-step1-exact-reset: 1920x1080 t=5.000000000
Native 1080p 04-early-hardware-macro: 1920x1080 t=20.951110000
Native 1080p 05-cabinet-medium: 1920x1080 t=78.063693889
Native 1080p 06-b8-cabinet-face: 1920x1080 t=117.853693889
Native 1080p 07-bed-face: 1920x1080 t=252.063693889
Native 1080p 08-step25-connection: 1920x1080 t=383.413693889
Native 1080p 09-step26-corrected-active-connection: 1920x1080 t=395.183693889
Native 1080p 10-folding-legs: 1920x1080 t=417.139693889
Native 1080p 11-wall-anchoring: 1920x1080 t=469.191193889
Native 1080p 12-final-bedroom-hero: 1920x1080 t=523.453693889
Native 1440p 01-intro-finished-hero: 2560x1440 t=0.000000000
Native 1440p 02-intro-fully-exploded: 2560x1440 t=3.750000000
Native 1440p 03-step1-exact-reset: 2560x1440 t=5.000000000
Native 1440p 04-early-hardware-macro: 2560x1440 t=20.951110000
Native 1440p 05-cabinet-medium: 2560x1440 t=78.063693889
Native 1440p 06-b8-cabinet-face: 2560x1440 t=117.853693889
Native 1440p 07-bed-face: 2560x1440 t=252.063693889
Native 1440p 08-step25-connection: 2560x1440 t=383.413693889
Native 1440p 09-step26-corrected-active-connection: 2560x1440 t=395.183693889
Native 1440p 10-folding-legs: 2560x1440 t=417.139693889
Native 1440p 11-wall-anchoring: 2560x1440 t=469.191193889
Native 1440p 12-final-bedroom-hero: 2560x1440 t=523.453693889
Native 2160p 01-intro-finished-hero: 3840x2160 t=0.000000000
Native 2160p 02-intro-fully-exploded: 3840x2160 t=3.750000000
Native 2160p 03-step1-exact-reset: 3840x2160 t=5.000000000
Native 2160p 04-early-hardware-macro: 3840x2160 t=20.951110000
Native 2160p 05-cabinet-medium: 3840x2160 t=78.063693889
Native 2160p 06-b8-cabinet-face: 3840x2160 t=117.853693889
Native 2160p 07-bed-face: 3840x2160 t=252.063693889
Native 2160p 08-step25-connection: 3840x2160 t=383.413693889
Native 2160p 09-step26-corrected-active-connection: 3840x2160 t=395.183693889
Native 2160p 10-folding-legs: 3840x2160 t=417.139693889
Native 2160p 11-wall-anchoring: 3840x2160 t=469.191193889
Native 2160p 12-final-bedroom-hero: 3840x2160 t=523.453693889
All native captures complete. Run verify-native.mjs; inspect comparison sheets.
