(node:14522) [THREE_CJS_DEPRECATED] DeprecationWarning: `require("three")` is deprecated and will be removed.
Replace `const THREE = require("three")` with `import * as THREE from "three"`.
(Use `node --trace-deprecation ...` to show where the warning was created)
{
  "valid": true,
  "profiles": 4,
  "comparisons": 12,
  "proofs": 4,
  "errors": [],
  "warnings": [
    {
      "profile": "720p",
      "message": "Observed optional favicon 404 only; retained in raw browser/network evidence.",
      "networkAudit": {
        "valid": true,
        "responses": [
          {
            "url": "http://127.0.0.1:3016/render?project=wf311613-final-micro-pass&profile=720p",
            "status": 200,
            "method": "GET",
            "resourceType": "document",
            "project": "wf311613-final-micro-pass:720p"
          },
          {
            "url": "http://127.0.0.1:3016/_next/static/css/24044264c614ec24.css",
            "status": 200,
            "method": "GET",
            "resourceType": "stylesheet",
            "project": "wf311613-final-micro-pass:720p"
          },
          {
            "url": "http://127.0.0.1:3016/_next/static/chunks/webpack-52d428ccd66bfe75.js",
            "status": 200,
            "method": "GET",
            "resourceType": "script",
            "project": "wf311613-final-micro-pass:720p"
          },
          {
            "url": "http://127.0.0.1:3016/_next/static/chunks/main-app-930b60979e6a9a5d.js",
            "status": 200,
            "method": "GET",
            "resourceType": "script",
            "project": "wf311613-final-micro-pass:720p"
          },
          {
            "url": "http://127.0.0.1:3016/_next/static/chunks/c15bf2b0-0b7ccb01d0221f08.js",
            "status": 200,
            "method": "GET",
            "resourceType": "script",
            "project": "wf311613-final-micro-pass:720p"
          },
          {
            "url": "http://127.0.0.1:3016/_next/static/chunks/4bd1b696-92152b0f5947070d.js",
            "status": 200,
            "method": "GET",
            "resourceType": "script",
            "project": "wf311613-final-micro-pass:720p"
          },
          {
            "url": "http://127.0.0.1:3016/_next/static/chunks/794-a3c6349e754e6fcd.js",
            "status": 200,
            "method": "GET",
            "resourceType": "script",
            "project": "wf311613-final-micro-pass:720p"
          },
          {
            "url": "http://127.0.0.1:3016/_next/static/chunks/f5ef5e1c-2da34c5fc26fb3fa.js",
            "status": 200,
            "method": "GET",
            "resourceType": "script",
            "project": "wf311613-final-micro-pass:720p"
          },
          {
            "url": "http://127.0.0.1:3016/_next/static/chunks/app/render/page-c81a696291d37c33.js",
            "status": 200,
            "method": "GET",
            "resourceType": "script",
            "project": "wf311613-final-micro-pass:720p"
          },
          {
            "url": "http://127.0.0.1:3016/_next/static/chunks/b536a0f1-4357ad16972f68f4.js",
            "status": 200,
            "method": "GET",
            "resourceType": "script",
            "project": "wf311613-final-micro-pass:720p"
          },
          {
            "url": "http://127.0.0.1:3016/_next/static/chunks/21-028361b39af033f0.js",
            "status": 200,
            "method": "GET",
            "resourceType": "script",
            "project": "wf311613-final-micro-pass:720p"
          },
          {
            "url": "http://127.0.0.1:3016/_next/static/chunks/bd904a5c-c73a00c7d46f8d71.js",
            "status": 200,
            "method": "GET",
            "resourceType": "script",
            "project": "wf311613-final-micro-pass:720p"
          },
          {
            "url": "http://127.0.0.1:3016/_next/static/chunks/619-f3925e9cf17aa314.js",
            "status": 200,
            "method": "GET",
            "resourceType": "script",
            "project": "wf311613-final-micro-pass:720p"
          },
          {
            "url": "https://fonts.googleapis.com/css2?family=DM+Mono:wght@400;500&family=Manrope:wght@400;500;600;700&display=swap",
            "status": 200,
            "method": "GET",
            "resourceType": "stylesheet",
            "project": "wf311613-final-micro-pass:720p"
          },
          {
            "url": "https://fonts.gstatic.com/s/dmmono/v16/aFTU7PB1QTsUX8KYthqQBK6PYK0.woff2",
            "status": 200,
            "method": "GET",
            "resourceType": "font",
            "project": "wf311613-final-micro-pass:720p"
          },
          {
            "url": "https://fonts.gstatic.com/s/dmmono/v16/aFTR7PB1QTsUX8KYvumzEYOtbYf-Vlg.woff2",
            "status": 200,
            "method": "GET",
            "resourceType": "font",
            "project": "wf311613-final-micro-pass:720p"
          },
          {
            "url": "https://fonts.gstatic.com/s/manrope/v20/xn7gYHE41ni1AdIRggexSvfedN4.woff2",
            "status": 200,
            "method": "GET",
            "resourceType": "font",
            "project": "wf311613-final-micro-pass:720p"
          },
          {
            "url": "http://127.0.0.1:3016/favicon.ico",
            "status": 404,
            "method": "GET",
            "resourceType": "explicit-diagnostic-HTTP-probe",
            "project": "wf311613-final-micro-pass:720p",
            "source": "Read-only Playwright API GET of exact console.location URL absent from page.response",
            "headers": {
              "cache-control": "private, no-cache, no-store, max-age=0, must-revalidate",
              "vary": "rsc, next-router-state-tree, next-router-prefetch, next-router-segment-prefetch, Accept-Encoding",
              "x-nextjs-cache": "HIT",
              "x-nextjs-prerender": "1, 1",
              "x-nextjs-stale-time": "300",
              "x-powered-by": "Next.js",
              "etag": "\"1252rbe37n04ky\"",
              "content-type": "text/html; charset=utf-8",
              "content-encoding": "gzip",
              "date": "Sat, 03 Oct 2026 23:46:03 GMT",
              "connection": "keep-alive",
              "keep-alive": "timeout=5",
              "transfer-encoding": "chunked"
            },
            "bodyBytes": 5938,
            "consoleLocation": {
              "url": "http://127.0.0.1:3016/favicon.ico",
              "line": 0,
              "column": 0,
              "lineNumber": 0,
              "columnNumber": 0
            },
            "confirmedAt": "2026-10-03T23:46:03.146Z"
          }
        ],
        "requestFailures": [],
        "optionalFavicon404": [
          {
            "url": "http://127.0.0.1:3016/favicon.ico",
            "status": 404,
            "method": "GET",
            "resourceType": "explicit-diagnostic-HTTP-probe",
            "project": "wf311613-final-micro-pass:720p",
            "source": "Read-only Playwright API GET of exact console.location URL absent from page.response",
            "headers": {
              "cache-control": "private, no-cache, no-store, max-age=0, must-revalidate",
              "vary": "rsc, next-router-state-tree, next-router-prefetch, next-router-segment-prefetch, Accept-Encoding",
              "x-nextjs-cache": "HIT",
              "x-nextjs-prerender": "1, 1",
              "x-nextjs-stale-time": "300",
              "x-powered-by": "Next.js",
              "etag": "\"1252rbe37n04ky\"",
              "content-type": "text/html; charset=utf-8",
              "content-encoding": "gzip",
              "date": "Sat, 03 Oct 2026 23:46:03 GMT",
              "connection": "keep-alive",
              "keep-alive": "timeout=5",
              "transfer-encoding": "chunked"
            },
            "bodyBytes": 5938,
            "consoleLocation": {
              "url": "http://127.0.0.1:3016/favicon.ico",
              "line": 0,
              "column": 0,
              "lineNumber": 0,
              "columnNumber": 0
            },
            "confirmedAt": "2026-10-03T23:46:03.146Z"
          }
        ],
        "unexplainedHttpFailures": [],
        "knownNoncriticalConsole": [
          {
            "text": "Failed to load resource: the server responded with a status of 404 (Not Found)",
            "location": {
              "url": "http://127.0.0.1:3016/favicon.ico",
              "line": 0,
              "column": 0,
              "lineNumber": 0,
              "columnNumber": 0
            },
            "project": "wf311613-final-micro-pass:720p",
            "response": {
              "url": "http://127.0.0.1:3016/favicon.ico",
              "status": 404,
              "method": "GET",
              "resourceType": "explicit-diagnostic-HTTP-probe",
              "project": "wf311613-final-micro-pass:720p",
              "source": "Read-only Playwright API GET of exact console.location URL absent from page.response",
              "headers": {
                "cache-control": "private, no-cache, no-store, max-age=0, must-revalidate",
                "vary": "rsc, next-router-state-tree, next-router-prefetch, next-router-segment-prefetch, Accept-Encoding",
                "x-nextjs-cache": "HIT",
                "x-nextjs-prerender": "1, 1",
                "x-nextjs-stale-time": "300",
                "x-powered-by": "Next.js",
                "etag": "\"1252rbe37n04ky\"",
                "content-type": "text/html; charset=utf-8",
                "content-encoding": "gzip",
                "date": "Sat, 03 Oct 2026 23:46:03 GMT",
                "connection": "keep-alive",
                "keep-alive": "timeout=5",
                "transfer-encoding": "chunked"
              },
              "bodyBytes": 5938,
              "consoleLocation": {
                "url": "http://127.0.0.1:3016/favicon.ico",
                "line": 0,
                "column": 0,
                "lineNumber": 0,
                "columnNumber": 0
              },
              "confirmedAt": "2026-10-03T23:46:03.146Z"
            },
            "classification": "Observed optional favicon.ico GET 404; no application resource failure"
          }
        ],
        "fatalConsoleErrors": []
      }
    },
    {
      "profile": "720p",
      "message": "THREE.Clock: This module has been deprecated. Please use THREE.Timer instead."
    },
    {
      "profile": "720p",
      "message": "Observed optional favicon.ico GET 404; no application resource failure: http://127.0.0.1:3016/favicon.ico"
    },
    {
      "profile": "1080p",
      "message": "Observed optional favicon 404 only; retained in raw browser/network evidence.",
      "networkAudit": {
        "valid": true,
        "responses": [
          {
            "url": "http://127.0.0.1:3016/render?project=wf311613-final-micro-pass&profile=1080p",
            "status": 200,
            "method": "GET",
            "resourceType": "document",
            "project": "wf311613-final-micro-pass:1080p"
          },
          {
            "url": "http://127.0.0.1:3016/_next/static/css/24044264c614ec24.css",
            "status": 200,
            "method": "GET",
            "resourceType": "stylesheet",
            "project": "wf311613-final-micro-pass:1080p"
          },
          {
            "url": "http://127.0.0.1:3016/_next/static/chunks/webpack-52d428ccd66bfe75.js",
            "status": 200,
            "method": "GET",
            "resourceType": "script",
            "project": "wf311613-final-micro-pass:1080p"
          },
          {
            "url": "http://127.0.0.1:3016/_next/static/chunks/main-app-930b60979e6a9a5d.js",
            "status": 200,
            "method": "GET",
            "resourceType": "script",
            "project": "wf311613-final-micro-pass:1080p"
          },
          {
            "url": "http://127.0.0.1:3016/_next/static/chunks/c15bf2b0-0b7ccb01d0221f08.js",
            "status": 200,
            "method": "GET",
            "resourceType": "script",
            "project": "wf311613-final-micro-pass:1080p"
          },
          {
            "url": "http://127.0.0.1:3016/_next/static/chunks/f5ef5e1c-2da34c5fc26fb3fa.js",
            "status": 200,
            "method": "GET",
            "resourceType": "script",
            "project": "wf311613-final-micro-pass:1080p"
          },
          {
            "url": "http://127.0.0.1:3016/_next/static/chunks/4bd1b696-92152b0f5947070d.js",
            "status": 200,
            "method": "GET",
            "resourceType": "script",
            "project": "wf311613-final-micro-pass:1080p"
          },
          {
            "url": "http://127.0.0.1:3016/_next/static/chunks/794-a3c6349e754e6fcd.js",
            "status": 200,
            "method": "GET",
            "resourceType": "script",
            "project": "wf311613-final-micro-pass:1080p"
          },
          {
            "url": "http://127.0.0.1:3016/_next/static/chunks/app/render/page-c81a696291d37c33.js",
            "status": 200,
            "method": "GET",
            "resourceType": "script",
            "project": "wf311613-final-micro-pass:1080p"
          },
          {
            "url": "http://127.0.0.1:3016/_next/static/chunks/b536a0f1-4357ad16972f68f4.js",
            "status": 200,
            "method": "GET",
            "resourceType": "script",
            "project": "wf311613-final-micro-pass:1080p"
          },
          {
            "url": "http://127.0.0.1:3016/_next/static/chunks/21-028361b39af033f0.js",
            "status": 200,
            "method": "GET",
            "resourceType": "script",
            "project": "wf311613-final-micro-pass:1080p"
          },
          {
            "url": "http://127.0.0.1:3016/_next/static/chunks/bd904a5c-c73a00c7d46f8d71.js",
            "status": 200,
            "method": "GET",
            "resourceType": "script",
            "project": "wf311613-final-micro-pass:1080p"
          },
          {
            "url": "http://127.0.0.1:3016/_next/static/chunks/619-f3925e9cf17aa314.js",
            "status": 200,
            "method": "GET",
            "resourceType": "script",
            "project": "wf311613-final-micro-pass:1080p"
          },
          {
            "url": "https://fonts.googleapis.com/css2?family=DM+Mono:wght@400;500&family=Manrope:wght@400;500;600;700&display=swap",
            "status": 200,
            "method": "GET",
            "resourceType": "stylesheet",
            "project": "wf311613-final-micro-pass:1080p"
          },
          {
            "url": "https://fonts.gstatic.com/s/dmmono/v16/aFTU7PB1QTsUX8KYthqQBK6PYK0.woff2",
            "status": 200,
            "method": "GET",
            "resourceType": "font",
            "project": "wf311613-final-micro-pass:1080p"
          },
          {
            "url": "https://fonts.gstatic.com/s/dmmono/v16/aFTR7PB1QTsUX8KYvumzEYOtbYf-Vlg.woff2",
            "status": 200,
            "method": "GET",
            "resourceType": "font",
            "project": "wf311613-final-micro-pass:1080p"
          },
          {
            "url": "https://fonts.gstatic.com/s/manrope/v20/xn7gYHE41ni1AdIRggexSvfedN4.woff2",
            "status": 200,
            "method": "GET",
            "resourceType": "font",
            "project": "wf311613-final-micro-pass:1080p"
          },
          {
            "url": "http://127.0.0.1:3016/favicon.ico",
            "status": 404,
            "method": "GET",
            "resourceType": "explicit-diagnostic-HTTP-probe",
            "project": "wf311613-final-micro-pass:1080p",
            "source": "Read-only Playwright API GET of exact console.location URL absent from page.response",
            "headers": {
              "cache-control": "private, no-cache, no-store, max-age=0, must-revalidate",
              "vary": "rsc, next-router-state-tree, next-router-prefetch, next-router-segment-prefetch, Accept-Encoding",
              "x-nextjs-cache": "HIT",
              "x-nextjs-prerender": "1, 1",
              "x-nextjs-stale-time": "300",
              "x-powered-by": "Next.js",
              "etag": "\"1252rbe37n04ky\"",
              "content-type": "text/html; charset=utf-8",
              "content-encoding": "gzip",
              "date": "Sat, 03 Oct 2026 23:47:45 GMT",
              "connection": "keep-alive",
              "keep-alive": "timeout=5",
              "transfer-encoding": "chunked"
            },
            "bodyBytes": 5938,
            "consoleLocation": {
              "url": "http://127.0.0.1:3016/favicon.ico",
              "line": 0,
              "column": 0,
              "lineNumber": 0,
              "columnNumber": 0
            },
            "confirmedAt": "2026-10-03T23:47:45.825Z"
          }
        ],
        "requestFailures": [],
        "optionalFavicon404": [
          {
            "url": "http://127.0.0.1:3016/favicon.ico",
            "status": 404,
            "method": "GET",
            "resourceType": "explicit-diagnostic-HTTP-probe",
            "project": "wf311613-final-micro-pass:1080p",
            "source": "Read-only Playwright API GET of exact console.location URL absent from page.response",
            "headers": {
              "cache-control": "private, no-cache, no-store, max-age=0, must-revalidate",
              "vary": "rsc, next-router-state-tree, next-router-prefetch, next-router-segment-prefetch, Accept-Encoding",
              "x-nextjs-cache": "HIT",
              "x-nextjs-prerender": "1, 1",
              "x-nextjs-stale-time": "300",
              "x-powered-by": "Next.js",
              "etag": "\"1252rbe37n04ky\"",
              "content-type": "text/html; charset=utf-8",
              "content-encoding": "gzip",
              "date": "Sat, 03 Oct 2026 23:47:45 GMT",
              "connection": "keep-alive",
              "keep-alive": "timeout=5",
              "transfer-encoding": "chunked"
            },
            "bodyBytes": 5938,
            "consoleLocation": {
              "url": "http://127.0.0.1:3016/favicon.ico",
              "line": 0,
              "column": 0,
              "lineNumber": 0,
              "columnNumber": 0
            },
            "confirmedAt": "2026-10-03T23:47:45.825Z"
          }
        ],
        "unexplainedHttpFailures": [],
        "knownNoncriticalConsole": [
          {
            "text": "Failed to load resource: the server responded with a status of 404 (Not Found)",
            "location": {
              "url": "http://127.0.0.1:3016/favicon.ico",
              "line": 0,
              "column": 0,
              "lineNumber": 0,
              "columnNumber": 0
            },
            "project": "wf311613-final-micro-pass:1080p",
            "response": {
              "url": "http://127.0.0.1:3016/favicon.ico",
              "status": 404,
              "method": "GET",
              "resourceType": "explicit-diagnostic-HTTP-probe",
              "project": "wf311613-final-micro-pass:1080p",
              "source": "Read-only Playwright API GET of exact console.location URL absent from page.response",
              "headers": {
                "cache-control": "private, no-cache, no-store, max-age=0, must-revalidate",
                "vary": "rsc, next-router-state-tree, next-router-prefetch, next-router-segment-prefetch, Accept-Encoding",
                "x-nextjs-cache": "HIT",
                "x-nextjs-prerender": "1, 1",
                "x-nextjs-stale-time": "300",
                "x-powered-by": "Next.js",
                "etag": "\"1252rbe37n04ky\"",
                "content-type": "text/html; charset=utf-8",
                "content-encoding": "gzip",
                "date": "Sat, 03 Oct 2026 23:47:45 GMT",
                "connection": "keep-alive",
                "keep-alive": "timeout=5",
                "transfer-encoding": "chunked"
              },
              "bodyBytes": 5938,
              "consoleLocation": {
                "url": "http://127.0.0.1:3016/favicon.ico",
                "line": 0,
                "column": 0,
                "lineNumber": 0,
                "columnNumber": 0
              },
              "confirmedAt": "2026-10-03T23:47:45.825Z"
            },
            "classification": "Observed optional favicon.ico GET 404; no application resource failure"
          }
        ],
        "fatalConsoleErrors": []
      }
    },
    {
      "profile": "1080p",
      "message": "THREE.Clock: This module has been deprecated. Please use THREE.Timer instead."
    },
    {
      "profile": "1080p",
      "message": "Observed optional favicon.ico GET 404; no application resource failure: http://127.0.0.1:3016/favicon.ico"
    },
    {
      "profile": "1440p",
      "message": "Observed optional favicon 404 only; retained in raw browser/network evidence.",
      "networkAudit": {
        "valid": true,
        "responses": [
          {
            "url": "http://127.0.0.1:3016/render?project=wf311613-final-micro-pass&profile=1440p",
            "status": 200,
            "method": "GET",
            "resourceType": "document",
            "project": "wf311613-final-micro-pass:1440p"
          },
          {
            "url": "http://127.0.0.1:3016/_next/static/css/24044264c614ec24.css",
            "status": 200,
            "method": "GET",
            "resourceType": "stylesheet",
            "project": "wf311613-final-micro-pass:1440p"
          },
          {
            "url": "http://127.0.0.1:3016/_next/static/chunks/webpack-52d428ccd66bfe75.js",
            "status": 200,
            "method": "GET",
            "resourceType": "script",
            "project": "wf311613-final-micro-pass:1440p"
          },
          {
            "url": "http://127.0.0.1:3016/_next/static/chunks/main-app-930b60979e6a9a5d.js",
            "status": 200,
            "method": "GET",
            "resourceType": "script",
            "project": "wf311613-final-micro-pass:1440p"
          },
          {
            "url": "http://127.0.0.1:3016/_next/static/chunks/4bd1b696-92152b0f5947070d.js",
            "status": 200,
            "method": "GET",
            "resourceType": "script",
            "project": "wf311613-final-micro-pass:1440p"
          },
          {
            "url": "http://127.0.0.1:3016/_next/static/chunks/c15bf2b0-0b7ccb01d0221f08.js",
            "status": 200,
            "method": "GET",
            "resourceType": "script",
            "project": "wf311613-final-micro-pass:1440p"
          },
          {
            "url": "http://127.0.0.1:3016/_next/static/chunks/794-a3c6349e754e6fcd.js",
            "status": 200,
            "method": "GET",
            "resourceType": "script",
            "project": "wf311613-final-micro-pass:1440p"
          },
          {
            "url": "http://127.0.0.1:3016/_next/static/chunks/f5ef5e1c-2da34c5fc26fb3fa.js",
            "status": 200,
            "method": "GET",
            "resourceType": "script",
            "project": "wf311613-final-micro-pass:1440p"
          },
          {
            "url": "http://127.0.0.1:3016/_next/static/chunks/app/render/page-c81a696291d37c33.js",
            "status": 200,
            "method": "GET",
            "resourceType": "script",
            "project": "wf311613-final-micro-pass:1440p"
          },
          {
            "url": "http://127.0.0.1:3016/_next/static/chunks/b536a0f1-4357ad16972f68f4.js",
            "status": 200,
            "method": "GET",
            "resourceType": "script",
            "project": "wf311613-final-micro-pass:1440p"
          },
          {
            "url": "http://127.0.0.1:3016/_next/static/chunks/bd904a5c-c73a00c7d46f8d71.js",
            "status": 200,
            "method": "GET",
            "resourceType": "script",
            "project": "wf311613-final-micro-pass:1440p"
          },
          {
            "url": "http://127.0.0.1:3016/_next/static/chunks/21-028361b39af033f0.js",
            "status": 200,
            "method": "GET",
            "resourceType": "script",
            "project": "wf311613-final-micro-pass:1440p"
          },
          {
            "url": "http://127.0.0.1:3016/_next/static/chunks/619-f3925e9cf17aa314.js",
            "status": 200,
            "method": "GET",
            "resourceType": "script",
            "project": "wf311613-final-micro-pass:1440p"
          },
          {
            "url": "https://fonts.googleapis.com/css2?family=DM+Mono:wght@400;500&family=Manrope:wght@400;500;600;700&display=swap",
            "status": 200,
            "method": "GET",
            "resourceType": "stylesheet",
            "project": "wf311613-final-micro-pass:1440p"
          },
          {
            "url": "https://fonts.gstatic.com/s/dmmono/v16/aFTU7PB1QTsUX8KYthqQBK6PYK0.woff2",
            "status": 200,
            "method": "GET",
            "resourceType": "font",
            "project": "wf311613-final-micro-pass:1440p"
          },
          {
            "url": "https://fonts.gstatic.com/s/dmmono/v16/aFTR7PB1QTsUX8KYvumzEYOtbYf-Vlg.woff2",
            "status": 200,
            "method": "GET",
            "resourceType": "font",
            "project": "wf311613-final-micro-pass:1440p"
          },
          {
            "url": "https://fonts.gstatic.com/s/manrope/v20/xn7gYHE41ni1AdIRggexSvfedN4.woff2",
            "status": 200,
            "method": "GET",
            "resourceType": "font",
            "project": "wf311613-final-micro-pass:1440p"
          },
          {
            "url": "http://127.0.0.1:3016/favicon.ico",
            "status": 404,
            "method": "GET",
            "resourceType": "explicit-diagnostic-HTTP-probe",
            "project": "wf311613-final-micro-pass:1440p",
            "source": "Read-only Playwright API GET of exact console.location URL absent from page.response",
            "headers": {
              "cache-control": "private, no-cache, no-store, max-age=0, must-revalidate",
              "vary": "rsc, next-router-state-tree, next-router-prefetch, next-router-segment-prefetch, Accept-Encoding",
              "x-nextjs-cache": "HIT",
              "x-nextjs-prerender": "1, 1",
              "x-nextjs-stale-time": "300",
              "x-powered-by": "Next.js",
              "etag": "\"1252rbe37n04ky\"",
              "content-type": "text/html; charset=utf-8",
              "content-encoding": "gzip",
              "date": "Sat, 03 Oct 2026 23:49:34 GMT",
              "connection": "keep-alive",
              "keep-alive": "timeout=5",
              "transfer-encoding": "chunked"
            },
            "bodyBytes": 5938,
            "consoleLocation": {
              "url": "http://127.0.0.1:3016/favicon.ico",
              "line": 0,
              "column": 0,
              "lineNumber": 0,
              "columnNumber": 0
            },
            "confirmedAt": "2026-10-03T23:49:34.827Z"
          }
        ],
        "requestFailures": [],
        "optionalFavicon404": [
          {
            "url": "http://127.0.0.1:3016/favicon.ico",
            "status": 404,
            "method": "GET",
            "resourceType": "explicit-diagnostic-HTTP-probe",
            "project": "wf311613-final-micro-pass:1440p",
            "source": "Read-only Playwright API GET of exact console.location URL absent from page.response",
            "headers": {
              "cache-control": "private, no-cache, no-store, max-age=0, must-revalidate",
              "vary": "rsc, next-router-state-tree, next-router-prefetch, next-router-segment-prefetch, Accept-Encoding",
              "x-nextjs-cache": "HIT",
              "x-nextjs-prerender": "1, 1",
              "x-nextjs-stale-time": "300",
              "x-powered-by": "Next.js",
              "etag": "\"1252rbe37n04ky\"",
              "content-type": "text/html; charset=utf-8",
              "content-encoding": "gzip",
              "date": "Sat, 03 Oct 2026 23:49:34 GMT",
              "connection": "keep-alive",
              "keep-alive": "timeout=5",
              "transfer-encoding": "chunked"
            },
            "bodyBytes": 5938,
            "consoleLocation": {
              "url": "http://127.0.0.1:3016/favicon.ico",
              "line": 0,
              "column": 0,
              "lineNumber": 0,
              "columnNumber": 0
            },
            "confirmedAt": "2026-10-03T23:49:34.827Z"
          }
        ],
        "unexplainedHttpFailures": [],
        "knownNoncriticalConsole": [
          {
            "text": "Failed to load resource: the server responded with a status of 404 (Not Found)",
            "location": {
              "url": "http://127.0.0.1:3016/favicon.ico",
              "line": 0,
              "column": 0,
              "lineNumber": 0,
              "columnNumber": 0
            },
            "project": "wf311613-final-micro-pass:1440p",
            "response": {
              "url": "http://127.0.0.1:3016/favicon.ico",
              "status": 404,
              "method": "GET",
              "resourceType": "explicit-diagnostic-HTTP-probe",
              "project": "wf311613-final-micro-pass:1440p",
              "source": "Read-only Playwright API GET of exact console.location URL absent from page.response",
              "headers": {
                "cache-control": "private, no-cache, no-store, max-age=0, must-revalidate",
                "vary": "rsc, next-router-state-tree, next-router-prefetch, next-router-segment-prefetch, Accept-Encoding",
                "x-nextjs-cache": "HIT",
                "x-nextjs-prerender": "1, 1",
                "x-nextjs-stale-time": "300",
                "x-powered-by": "Next.js",
                "etag": "\"1252rbe37n04ky\"",
                "content-type": "text/html; charset=utf-8",
                "content-encoding": "gzip",
                "date": "Sat, 03 Oct 2026 23:49:34 GMT",
                "connection": "keep-alive",
                "keep-alive": "timeout=5",
                "transfer-encoding": "chunked"
              },
              "bodyBytes": 5938,
              "consoleLocation": {
                "url": "http://127.0.0.1:3016/favicon.ico",
                "line": 0,
                "column": 0,
                "lineNumber": 0,
                "columnNumber": 0
              },
              "confirmedAt": "2026-10-03T23:49:34.827Z"
            },
            "classification": "Observed optional favicon.ico GET 404; no application resource failure"
          }
        ],
        "fatalConsoleErrors": []
      }
    },
    {
      "profile": "1440p",
      "message": "THREE.Clock: This module has been deprecated. Please use THREE.Timer instead."
    },
    {
      "profile": "1440p",
      "message": "Observed optional favicon.ico GET 404; no application resource failure: http://127.0.0.1:3016/favicon.ico"
    },
    {
      "profile": "2160p",
      "message": "Observed optional favicon 404 only; retained in raw browser/network evidence.",
      "networkAudit": {
        "valid": true,
        "responses": [
          {
            "url": "http://127.0.0.1:3016/render?project=wf311613-final-micro-pass&profile=2160p",
            "status": 200,
            "method": "GET",
            "resourceType": "document",
            "project": "wf311613-final-micro-pass:2160p"
          },
          {
            "url": "http://127.0.0.1:3016/_next/static/css/24044264c614ec24.css",
            "status": 200,
            "method": "GET",
            "resourceType": "stylesheet",
            "project": "wf311613-final-micro-pass:2160p"
          },
          {
            "url": "http://127.0.0.1:3016/_next/static/chunks/webpack-52d428ccd66bfe75.js",
            "status": 200,
            "method": "GET",
            "resourceType": "script",
            "project": "wf311613-final-micro-pass:2160p"
          },
          {
            "url": "http://127.0.0.1:3016/_next/static/chunks/main-app-930b60979e6a9a5d.js",
            "status": 200,
            "method": "GET",
            "resourceType": "script",
            "project": "wf311613-final-micro-pass:2160p"
          },
          {
            "url": "http://127.0.0.1:3016/_next/static/chunks/c15bf2b0-0b7ccb01d0221f08.js",
            "status": 200,
            "method": "GET",
            "resourceType": "script",
            "project": "wf311613-final-micro-pass:2160p"
          },
          {
            "url": "http://127.0.0.1:3016/_next/static/chunks/4bd1b696-92152b0f5947070d.js",
            "status": 200,
            "method": "GET",
            "resourceType": "script",
            "project": "wf311613-final-micro-pass:2160p"
          },
          {
            "url": "http://127.0.0.1:3016/_next/static/chunks/f5ef5e1c-2da34c5fc26fb3fa.js",
            "status": 200,
            "method": "GET",
            "resourceType": "script",
            "project": "wf311613-final-micro-pass:2160p"
          },
          {
            "url": "http://127.0.0.1:3016/_next/static/chunks/794-a3c6349e754e6fcd.js",
            "status": 200,
            "method": "GET",
            "resourceType": "script",
            "project": "wf311613-final-micro-pass:2160p"
          },
          {
            "url": "http://127.0.0.1:3016/_next/static/chunks/app/render/page-c81a696291d37c33.js",
            "status": 200,
            "method": "GET",
            "resourceType": "script",
            "project": "wf311613-final-micro-pass:2160p"
          },
          {
            "url": "http://127.0.0.1:3016/_next/static/chunks/b536a0f1-4357ad16972f68f4.js",
            "status": 200,
            "method": "GET",
            "resourceType": "script",
            "project": "wf311613-final-micro-pass:2160p"
          },
          {
            "url": "http://127.0.0.1:3016/_next/static/chunks/bd904a5c-c73a00c7d46f8d71.js",
            "status": 200,
            "method": "GET",
            "resourceType": "script",
            "project": "wf311613-final-micro-pass:2160p"
          },
          {
            "url": "http://127.0.0.1:3016/_next/static/chunks/21-028361b39af033f0.js",
            "status": 200,
            "method": "GET",
            "resourceType": "script",
            "project": "wf311613-final-micro-pass:2160p"
          },
          {
            "url": "http://127.0.0.1:3016/_next/static/chunks/619-f3925e9cf17aa314.js",
            "status": 200,
            "method": "GET",
            "resourceType": "script",
            "project": "wf311613-final-micro-pass:2160p"
          },
          {
            "url": "https://fonts.googleapis.com/css2?family=DM+Mono:wght@400;500&family=Manrope:wght@400;500;600;700&display=swap",
            "status": 200,
            "method": "GET",
            "resourceType": "stylesheet",
            "project": "wf311613-final-micro-pass:2160p"
          },
          {
            "url": "https://fonts.gstatic.com/s/dmmono/v16/aFTU7PB1QTsUX8KYthqQBK6PYK0.woff2",
            "status": 200,
            "method": "GET",
            "resourceType": "font",
            "project": "wf311613-final-micro-pass:2160p"
          },
          {
            "url": "https://fonts.gstatic.com/s/dmmono/v16/aFTR7PB1QTsUX8KYvumzEYOtbYf-Vlg.woff2",
            "status": 200,
            "method": "GET",
            "resourceType": "font",
            "project": "wf311613-final-micro-pass:2160p"
          },
          {
            "url": "https://fonts.gstatic.com/s/manrope/v20/xn7gYHE41ni1AdIRggexSvfedN4.woff2",
            "status": 200,
            "method": "GET",
            "resourceType": "font",
            "project": "wf311613-final-micro-pass:2160p"
          },
          {
            "url": "http://127.0.0.1:3016/favicon.ico",
            "status": 404,
            "method": "GET",
            "resourceType": "explicit-diagnostic-HTTP-probe",
            "project": "wf311613-final-micro-pass:2160p",
            "source": "Read-only Playwright API GET of exact console.location URL absent from page.response",
            "headers": {
              "cache-control": "private, no-cache, no-store, max-age=0, must-revalidate",
              "vary": "rsc, next-router-state-tree, next-router-prefetch, next-router-segment-prefetch, Accept-Encoding",
              "x-nextjs-cache": "HIT",
              "x-nextjs-prerender": "1, 1",
              "x-nextjs-stale-time": "300",
              "x-powered-by": "Next.js",
              "etag": "\"1252rbe37n04ky\"",
              "content-type": "text/html; charset=utf-8",
              "content-encoding": "gzip",
              "date": "Sat, 03 Oct 2026 23:51:38 GMT",
              "connection": "keep-alive",
              "keep-alive": "timeout=5",
              "transfer-encoding": "chunked"
            },
            "bodyBytes": 5938,
            "consoleLocation": {
              "url": "http://127.0.0.1:3016/favicon.ico",
              "line": 0,
              "column": 0,
              "lineNumber": 0,
              "columnNumber": 0
            },
            "confirmedAt": "2026-10-03T23:51:38.754Z"
          }
        ],
        "requestFailures": [],
        "optionalFavicon404": [
          {
            "url": "http://127.0.0.1:3016/favicon.ico",
            "status": 404,
            "method": "GET",
            "resourceType": "explicit-diagnostic-HTTP-probe",
            "project": "wf311613-final-micro-pass:2160p",
            "source": "Read-only Playwright API GET of exact console.location URL absent from page.response",
            "headers": {
              "cache-control": "private, no-cache, no-store, max-age=0, must-revalidate",
              "vary": "rsc, next-router-state-tree, next-router-prefetch, next-router-segment-prefetch, Accept-Encoding",
              "x-nextjs-cache": "HIT",
              "x-nextjs-prerender": "1, 1",
              "x-nextjs-stale-time": "300",
              "x-powered-by": "Next.js",
              "etag": "\"1252rbe37n04ky\"",
              "content-type": "text/html; charset=utf-8",
              "content-encoding": "gzip",
              "date": "Sat, 03 Oct 2026 23:51:38 GMT",
              "connection": "keep-alive",
              "keep-alive": "timeout=5",
              "transfer-encoding": "chunked"
            },
            "bodyBytes": 5938,
            "consoleLocation": {
              "url": "http://127.0.0.1:3016/favicon.ico",
              "line": 0,
              "column": 0,
              "lineNumber": 0,
              "columnNumber": 0
            },
            "confirmedAt": "2026-10-03T23:51:38.754Z"
          }
        ],
        "unexplainedHttpFailures": [],
        "knownNoncriticalConsole": [
          {
            "text": "Failed to load resource: the server responded with a status of 404 (Not Found)",
            "location": {
              "url": "http://127.0.0.1:3016/favicon.ico",
              "line": 0,
              "column": 0,
              "lineNumber": 0,
              "columnNumber": 0
            },
            "project": "wf311613-final-micro-pass:2160p",
            "response": {
              "url": "http://127.0.0.1:3016/favicon.ico",
              "status": 404,
              "method": "GET",
              "resourceType": "explicit-diagnostic-HTTP-probe",
              "project": "wf311613-final-micro-pass:2160p",
              "source": "Read-only Playwright API GET of exact console.location URL absent from page.response",
              "headers": {
                "cache-control": "private, no-cache, no-store, max-age=0, must-revalidate",
                "vary": "rsc, next-router-state-tree, next-router-prefetch, next-router-segment-prefetch, Accept-Encoding",
                "x-nextjs-cache": "HIT",
                "x-nextjs-prerender": "1, 1",
                "x-nextjs-stale-time": "300",
                "x-powered-by": "Next.js",
                "etag": "\"1252rbe37n04ky\"",
                "content-type": "text/html; charset=utf-8",
                "content-encoding": "gzip",
                "date": "Sat, 03 Oct 2026 23:51:38 GMT",
                "connection": "keep-alive",
                "keep-alive": "timeout=5",
                "transfer-encoding": "chunked"
              },
              "bodyBytes": 5938,
              "consoleLocation": {
                "url": "http://127.0.0.1:3016/favicon.ico",
                "line": 0,
                "column": 0,
                "lineNumber": 0,
                "columnNumber": 0
              },
              "confirmedAt": "2026-10-03T23:51:38.754Z"
            },
            "classification": "Observed optional favicon.ico GET 404; no application resource failure"
          }
        ],
        "fatalConsoleErrors": []
      }
    },
    {
      "profile": "2160p",
      "message": "THREE.Clock: This module has been deprecated. Please use THREE.Timer instead."
    },
    {
      "profile": "2160p",
      "message": "Observed optional favicon.ico GET 404; no application resource failure: http://127.0.0.1:3016/favicon.ico"
    }
  ],
  "report": "/Users/quyth/development/three/POC/output/wf311613-standalone-murphy-bed/final/final-review-web-qa-01/native-resolution-qa/native-verification.json"
}
