(node:22464) [THREE_CJS_DEPRECATED] DeprecationWarning: `require("three")` is deprecated and will be removed.
Replace `const THREE = require("three")` with `import * as THREE from "three"`.
(Use `node --trace-deprecation ...` to show where the warning was created)
locator.click: Timeout 30000ms exceeded.
Call log:
[2m  - waiting for getByRole('button', { name: 'Export video', exact: true })[22m
[2m    - locator resolved to <button disabled class="export-action">Export video</button>[22m
[2m  - attempting click action[22m
[2m    - waiting for element to be visible, enabled and stable[22m
[2m    - element is not enabled[22m
[2m  - retrying click action[22m
[2m    - waiting for element to be visible, enabled and stable[22m

    at main (/Users/quyth/development/three/POC/scripts/verify-short01.ts:38:67) {
  log: [
    "  - waiting for getByRole('button', { name: 'Export video', exact: true })",
    '    - locator resolved to <button disabled class="export-action">Export video</button>',
    '  - attempting click action',
    '    - waiting for element to be visible, enabled and stable',
    '    - element is not enabled',
    '  - retrying click action',
    '    - waiting for element to be visible, enabled and stable'
  ],
  name: 'TimeoutError'
}
