
> furniture-video-engine@0.2.0 build
> next build --webpack

▲ Next.js 16.3.6 (webpack)
✓ Running next.config.ts took 13ms

  Creating an optimized production build ...
✓ Compiled successfully in 2.6s
  Running TypeScript ...
  Finished TypeScript in 1961ms ...
  Collecting page data using 8 workers ...
  Generating static pages using 8 workers (0/4) ...
  Generating static pages using 8 workers (1/4) 
  Generating static pages using 8 workers (2/4) 
  Generating static pages using 8 workers (3/4) 
✓ Generating static pages using 8 workers (4/4) in 12.5s
  Finalizing page optimization ...
  Collecting build traces ...

Route (app)
┌ ƒ /
├ ○ /_not-found
├ ƒ /api/export
├ ƒ /api/export/[jobId]
├ ƒ /api/export/[jobId]/download
└ ƒ /render


○  (Static)   prerendered as static content
ƒ  (Dynamic)  server-rendered on demand

