START 17af60ac-e3ba-4bd3-b62e-ab0bf7ba9201 1740 /Users/quyth/development/three/POC/output/export-jobs/render-vertical-1080p-1529cb52c1f6-17af60ac-e3ba-4bd3-b62e-ab0bf7ba9201/final/WF311613-short01-visual-review-v1-vertical-1080p.mp4
2026-10-06T10:03:19.409Z queued 0 0 6 Waiting to prepare generation…
2026-10-06T10:03:29.417Z rendering 0 0 6 Rendering work chunk 1 of 6…
2026-10-06T10:04:39.539Z rendering 41 0 6 Rendering work chunk 1 of 6…
2026-10-06T10:04:49.549Z rendering 85 0 6 Rendering work chunk 1 of 6…
2026-10-06T10:04:59.579Z rendering 127 0 6 Rendering work chunk 1 of 6…
2026-10-06T10:05:09.590Z rendering 174 0 6 Rendering work chunk 1 of 6…
2026-10-06T10:05:19.600Z rendering 227 0 6 Rendering work chunk 1 of 6…
2026-10-06T10:05:29.638Z rendering 277 0 6 Rendering work chunk 1 of 6…
2026-10-06T10:05:39.647Z rendering 326 1 6 Rendering work chunk 2 of 6…
2026-10-06T10:05:49.656Z rendering 376 1 6 Rendering work chunk 2 of 6…
2026-10-06T10:05:59.664Z rendering 412 1 6 Rendering work chunk 2 of 6…
2026-10-06T10:06:09.701Z rendering 442 1 6 Rendering work chunk 2 of 6…
2026-10-06T10:06:19.710Z rendering 473 1 6 Rendering work chunk 2 of 6…
2026-10-06T10:06:29.763Z rendering 502 1 6 Rendering work chunk 2 of 6…
2026-10-06T10:06:39.772Z rendering 532 1 6 Rendering work chunk 2 of 6…
2026-10-06T10:06:49.781Z rendering 574 1 6 Rendering work chunk 2 of 6…
2026-10-06T10:06:59.791Z rendering 620 2 6 Rendering work chunk 3 of 6…
2026-10-06T10:07:09.833Z rendering 653 2 6 Rendering work chunk 3 of 6…
2026-10-06T10:07:19.862Z rendering 685 2 6 Rendering work chunk 3 of 6…
2026-10-06T10:07:29.875Z rendering 717 2 6 Rendering work chunk 3 of 6…
2026-10-06T10:07:39.884Z rendering 749 2 6 Rendering work chunk 3 of 6…
2026-10-06T10:07:49.892Z rendering 781 2 6 Rendering work chunk 3 of 6…
2026-10-06T10:07:59.901Z rendering 813 2 6 Rendering work chunk 3 of 6…
2026-10-06T10:08:09.910Z rendering 845 2 6 Rendering work chunk 3 of 6…
2026-10-06T10:08:19.925Z rendering 877 2 6 Rendering work chunk 3 of 6…
2026-10-06T10:08:29.934Z rendering 913 3 6 Rendering work chunk 4 of 6…
2026-10-06T10:08:39.943Z rendering 946 3 6 Rendering work chunk 4 of 6…
2026-10-06T10:08:49.967Z rendering 993 3 6 Rendering work chunk 4 of 6…
2026-10-06T10:08:59.976Z rendering 1066 3 6 Rendering work chunk 4 of 6…
2026-10-06T10:09:09.985Z rendering 1130 3 6 Rendering work chunk 4 of 6…
2026-10-06T10:09:19.994Z rendering 1170 3 6 Rendering work chunk 4 of 6…
2026-10-06T10:09:30.003Z rendering 1213 4 6 Rendering work chunk 5 of 6…
2026-10-06T10:09:40.044Z rendering 1255 4 6 Rendering work chunk 5 of 6…
2026-10-06T10:09:50.064Z rendering 1298 4 6 Rendering work chunk 5 of 6…
2026-10-06T10:10:00.074Z rendering 1344 4 6 Rendering work chunk 5 of 6…
2026-10-06T10:10:10.082Z rendering 1383 4 6 Rendering work chunk 5 of 6…
2026-10-06T10:10:20.120Z rendering 1417 4 6 Rendering work chunk 5 of 6…
2026-10-06T10:10:30.129Z rendering 1450 4 6 Rendering work chunk 5 of 6…
2026-10-06T10:10:40.138Z rendering 1482 4 6 Rendering work chunk 5 of 6…
2026-10-06T10:10:50.146Z rendering 1500 5 6 Rendering work chunk 6 of 6…
2026-10-06T10:12:00.181Z rendering 1513 5 6 Rendering work chunk 6 of 6…
2026-10-06T10:12:10.191Z rendering 1547 5 6 Rendering work chunk 6 of 6…
2026-10-06T10:12:20.200Z rendering 1587 5 6 Rendering work chunk 6 of 6…
2026-10-06T10:12:30.209Z rendering 1630 5 6 Rendering work chunk 6 of 6…
2026-10-06T10:12:40.218Z rendering 1675 5 6 Rendering work chunk 6 of 6…
2026-10-06T10:12:50.228Z rendering 1720 5 6 Rendering work chunk 6 of 6…
2026-10-06T10:13:00.273Z validating_frames 1740 6 6 Validating the complete frame sequence…
2026-10-06T10:14:10.503Z encoding 1740 6 6 Encoding validated frames…
2026-10-06T10:14:20.519Z completed 1740 6 6 Generation complete. Ready to download.
