
> furniture-video-engine@0.2.0 lint
> eslint .


/Users/quyth/development/three/POC/output/wf311613-standalone-murphy-bed/final/final-review-web-qa-01/make-final-report.mjs
   15:7   warning  'requireValue' is assigned a value but never used  @typescript-eslint/no-unused-vars
  252:96  warning  'markdown' is defined but never used               @typescript-eslint/no-unused-vars

/Users/quyth/development/three/POC/output/wf311613-standalone-murphy-bed/final/polish-02b-visual-master-verification/verify-master.cjs
  2:10  error  A `require()` style import is forbidden  @typescript-eslint/no-require-imports
  2:34  error  A `require()` style import is forbidden  @typescript-eslint/no-require-imports
  2:62  error  A `require()` style import is forbidden  @typescript-eslint/no-require-imports
  3:22  error  A `require()` style import is forbidden  @typescript-eslint/no-require-imports
  4:27  error  A `require()` style import is forbidden  @typescript-eslint/no-require-imports

/Users/quyth/development/three/POC/output/wf311613-standalone-murphy-bed/final/product-fit-hole-audit/run-mechanical-gates.ts
  12:13   error  Unexpected any. Specify a different type                                                                                 @typescript-eslint/no-explicit-any
  13:14   error  Unexpected any. Specify a different type                                                                                 @typescript-eslint/no-explicit-any
  13:112  error  The `Function` type accepts any function-like value.
Prefer explicitly defining any function parameters and return type  @typescript-eslint/no-unsafe-function-type

/Users/quyth/development/three/POC/output/wf311613-standalone-murphy-bed/final/whole-product-visual-audit/b8-legacy-uv-probe.js
  12935:13  error    Unexpected aliasing of 'this' to local variable                                                                                                                                                                                                                                @typescript-eslint/no-this-alias
  13042:13  error    Unexpected aliasing of 'this' to local variable                                                                                                                                                                                                                                @typescript-eslint/no-this-alias
  15126:13  error    Unexpected aliasing of 'this' to local variable                                                                                                                                                                                                                                @typescript-eslint/no-this-alias
  17306:13  error    Unexpected aliasing of 'this' to local variable                                                                                                                                                                                                                                @typescript-eslint/no-this-alias
  17434:13  error    Unexpected aliasing of 'this' to local variable                                                                                                                                                                                                                                @typescript-eslint/no-this-alias
  18806:7   warning  '_controlInterpolantsResultBuffer' is assigned a value but never used                                                                                                                                                                                                          @typescript-eslint/no-unused-vars
  18807:7   warning  'Matrix2' is assigned a value but never used                                                                                                                                                                                                                                   @typescript-eslint/no-unused-vars
  20541:11  error    Unexpected aliasing of 'this' to local variable                                                                                                                                                                                                                                @typescript-eslint/no-this-alias
  24670:11  error    Unexpected aliasing of 'this' to local variable                                                                                                                                                                                                                                @typescript-eslint/no-this-alias
  25401:7   warning  Expected an assignment or function call and instead saw an expression                                                                                                                                                                                                          @typescript-eslint/no-unused-expressions
  25405:7   warning  Expected an assignment or function call and instead saw an expression                                                                                                                                                                                                          @typescript-eslint/no-unused-expressions
  25418:7   warning  Expected an assignment or function call and instead saw an expression                                                                                                                                                                                                          @typescript-eslint/no-unused-expressions
  25755:14  warning  'err' is defined but never used                                                                                                                                                                                                                                                @typescript-eslint/no-unused-vars
  26603:11  error    React Hook "useMultisampledRTT" is called in function "setupFrameBufferTexture" that is neither a React function component nor a custom React Hook function. React component names must start with an uppercase letter. React Hook names must start with the word "use"        react-hooks/rules-of-hooks
  26617:13  error    React Hook "useMultisampledRTT" is called in function "setupRenderBufferStorage" that is neither a React function component nor a custom React Hook function. React component names must start with an uppercase letter. React Hook names must start with the word "use"       react-hooks/rules-of-hooks
  26632:15  error    React Hook "useMultisampledRTT" may be executed more than once. Possibly because it is called in a loop. React Hooks must be called in the exact same order in every component render                                                                                          react-hooks/rules-of-hooks
  26632:15  error    React Hook "useMultisampledRTT" is called in function "setupRenderBufferStorage" that is neither a React function component nor a custom React Hook function. React component names must start with an uppercase letter. React Hook names must start with the word "use"       react-hooks/rules-of-hooks
  26685:13  error    React Hook "useMultisampledRTT" is called in function "setupDepthTexture" that is neither a React function component nor a custom React Hook function. React component names must start with an uppercase letter. React Hook names must start with the word "use"              react-hooks/rules-of-hooks
  26691:13  error    React Hook "useMultisampledRTT" is called in function "setupDepthTexture" that is neither a React function component nor a custom React Hook function. React component names must start with an uppercase letter. React Hook names must start with the word "use"              react-hooks/rules-of-hooks
  26821:41  error    React Hook "useMultisampledRTT" is called in function "setupRenderTarget" that is neither a React function component nor a custom React Hook function. React component names must start with an uppercase letter. React Hook names must start with the word "use"              react-hooks/rules-of-hooks
  26916:13  error    React Hook "useMultisampledRTT" is called in function "updateMultisampleRenderTarget" that is neither a React function component nor a custom React Hook function. React component names must start with an uppercase letter. React Hook names must start with the word "use"  react-hooks/rules-of-hooks
  27265:13  error    Unexpected aliasing of 'this' to local variable                                                                                                                                                                                                                                @typescript-eslint/no-this-alias
  28918:13  error    Unexpected aliasing of 'this' to local variable                                                                                                                                                                                                                                @typescript-eslint/no-this-alias
  29471:9   warning  Expected an assignment or function call and instead saw an expression                                                                                                                                                                                                          @typescript-eslint/no-unused-expressions

/Users/quyth/development/three/POC/output/wf311613-standalone-murphy-bed/final/whole-product-visual-audit/b8-probe.js
  12935:13  error    Unexpected aliasing of 'this' to local variable                                                                                                                                                                                                                                @typescript-eslint/no-this-alias
  13042:13  error    Unexpected aliasing of 'this' to local variable                                                                                                                                                                                                                                @typescript-eslint/no-this-alias
  15126:13  error    Unexpected aliasing of 'this' to local variable                                                                                                                                                                                                                                @typescript-eslint/no-this-alias
  17306:13  error    Unexpected aliasing of 'this' to local variable                                                                                                                                                                                                                                @typescript-eslint/no-this-alias
  17434:13  error    Unexpected aliasing of 'this' to local variable                                                                                                                                                                                                                                @typescript-eslint/no-this-alias
  18806:7   warning  '_controlInterpolantsResultBuffer' is assigned a value but never used                                                                                                                                                                                                          @typescript-eslint/no-unused-vars
  18807:7   warning  'Matrix2' is assigned a value but never used                                                                                                                                                                                                                                   @typescript-eslint/no-unused-vars
  20541:11  error    Unexpected aliasing of 'this' to local variable                                                                                                                                                                                                                                @typescript-eslint/no-this-alias
  24670:11  error    Unexpected aliasing of 'this' to local variable                                                                                                                                                                                                                                @typescript-eslint/no-this-alias
  25401:7   warning  Expected an assignment or function call and instead saw an expression                                                                                                                                                                                                          @typescript-eslint/no-unused-expressions
  25405:7   warning  Expected an assignment or function call and instead saw an expression                                                                                                                                                                                                          @typescript-eslint/no-unused-expressions
  25418:7   warning  Expected an assignment or function call and instead saw an expression                                                                                                                                                                                                          @typescript-eslint/no-unused-expressions
  25755:14  warning  'err' is defined but never used                                                                                                                                                                                                                                                @typescript-eslint/no-unused-vars
  26603:11  error    React Hook "useMultisampledRTT" is called in function "setupFrameBufferTexture" that is neither a React function component nor a custom React Hook function. React component names must start with an uppercase letter. React Hook names must start with the word "use"        react-hooks/rules-of-hooks
  26617:13  error    React Hook "useMultisampledRTT" is called in function "setupRenderBufferStorage" that is neither a React function component nor a custom React Hook function. React component names must start with an uppercase letter. React Hook names must start with the word "use"       react-hooks/rules-of-hooks
  26632:15  error    React Hook "useMultisampledRTT" may be executed more than once. Possibly because it is called in a loop. React Hooks must be called in the exact same order in every component render                                                                                          react-hooks/rules-of-hooks
  26632:15  error    React Hook "useMultisampledRTT" is called in function "setupRenderBufferStorage" that is neither a React function component nor a custom React Hook function. React component names must start with an uppercase letter. React Hook names must start with the word "use"       react-hooks/rules-of-hooks
  26685:13  error    React Hook "useMultisampledRTT" is called in function "setupDepthTexture" that is neither a React function component nor a custom React Hook function. React component names must start with an uppercase letter. React Hook names must start with the word "use"              react-hooks/rules-of-hooks
  26691:13  error    React Hook "useMultisampledRTT" is called in function "setupDepthTexture" that is neither a React function component nor a custom React Hook function. React component names must start with an uppercase letter. React Hook names must start with the word "use"              react-hooks/rules-of-hooks
  26821:41  error    React Hook "useMultisampledRTT" is called in function "setupRenderTarget" that is neither a React function component nor a custom React Hook function. React component names must start with an uppercase letter. React Hook names must start with the word "use"              react-hooks/rules-of-hooks
  26916:13  error    React Hook "useMultisampledRTT" is called in function "updateMultisampleRenderTarget" that is neither a React function component nor a custom React Hook function. React component names must start with an uppercase letter. React Hook names must start with the word "use"  react-hooks/rules-of-hooks
  27265:13  error    Unexpected aliasing of 'this' to local variable                                                                                                                                                                                                                                @typescript-eslint/no-this-alias
  28918:13  error    Unexpected aliasing of 'this' to local variable                                                                                                                                                                                                                                @typescript-eslint/no-this-alias
  29471:9   warning  Expected an assignment or function call and instead saw an expression                                                                                                                                                                                                          @typescript-eslint/no-unused-expressions

/Users/quyth/development/three/POC/output/wf311613-standalone-murphy-bed/final/whole-product-visual-audit/cabinet-probe.js
  12935:13  error    Unexpected aliasing of 'this' to local variable                                                                                                                                                                                                                                @typescript-eslint/no-this-alias
  13042:13  error    Unexpected aliasing of 'this' to local variable                                                                                                                                                                                                                                @typescript-eslint/no-this-alias
  15126:13  error    Unexpected aliasing of 'this' to local variable                                                                                                                                                                                                                                @typescript-eslint/no-this-alias
  17263:13  error    Unexpected aliasing of 'this' to local variable                                                                                                                                                                                                                                @typescript-eslint/no-this-alias
  17391:13  error    Unexpected aliasing of 'this' to local variable                                                                                                                                                                                                                                @typescript-eslint/no-this-alias
  18763:7   warning  '_controlInterpolantsResultBuffer' is assigned a value but never used                                                                                                                                                                                                          @typescript-eslint/no-unused-vars
  18764:7   warning  'Matrix2' is assigned a value but never used                                                                                                                                                                                                                                   @typescript-eslint/no-unused-vars
  20498:11  error    Unexpected aliasing of 'this' to local variable                                                                                                                                                                                                                                @typescript-eslint/no-this-alias
  24627:11  error    Unexpected aliasing of 'this' to local variable                                                                                                                                                                                                                                @typescript-eslint/no-this-alias
  25358:7   warning  Expected an assignment or function call and instead saw an expression                                                                                                                                                                                                          @typescript-eslint/no-unused-expressions
  25362:7   warning  Expected an assignment or function call and instead saw an expression                                                                                                                                                                                                          @typescript-eslint/no-unused-expressions
  25375:7   warning  Expected an assignment or function call and instead saw an expression                                                                                                                                                                                                          @typescript-eslint/no-unused-expressions
  25712:14  warning  'err' is defined but never used                                                                                                                                                                                                                                                @typescript-eslint/no-unused-vars
  26560:11  error    React Hook "useMultisampledRTT" is called in function "setupFrameBufferTexture" that is neither a React function component nor a custom React Hook function. React component names must start with an uppercase letter. React Hook names must start with the word "use"        react-hooks/rules-of-hooks
  26574:13  error    React Hook "useMultisampledRTT" is called in function "setupRenderBufferStorage" that is neither a React function component nor a custom React Hook function. React component names must start with an uppercase letter. React Hook names must start with the word "use"       react-hooks/rules-of-hooks
  26589:15  error    React Hook "useMultisampledRTT" may be executed more than once. Possibly because it is called in a loop. React Hooks must be called in the exact same order in every component render                                                                                          react-hooks/rules-of-hooks
  26589:15  error    React Hook "useMultisampledRTT" is called in function "setupRenderBufferStorage" that is neither a React function component nor a custom React Hook function. React component names must start with an uppercase letter. React Hook names must start with the word "use"       react-hooks/rules-of-hooks
  26642:13  error    React Hook "useMultisampledRTT" is called in function "setupDepthTexture" that is neither a React function component nor a custom React Hook function. React component names must start with an uppercase letter. React Hook names must start with the word "use"              react-hooks/rules-of-hooks
  26648:13  error    React Hook "useMultisampledRTT" is called in function "setupDepthTexture" that is neither a React function component nor a custom React Hook function. React component names must start with an uppercase letter. React Hook names must start with the word "use"              react-hooks/rules-of-hooks
  26778:41  error    React Hook "useMultisampledRTT" is called in function "setupRenderTarget" that is neither a React function component nor a custom React Hook function. React component names must start with an uppercase letter. React Hook names must start with the word "use"              react-hooks/rules-of-hooks
  26873:13  error    React Hook "useMultisampledRTT" is called in function "updateMultisampleRenderTarget" that is neither a React function component nor a custom React Hook function. React component names must start with an uppercase letter. React Hook names must start with the word "use"  react-hooks/rules-of-hooks
  27222:13  error    Unexpected aliasing of 'this' to local variable                                                                                                                                                                                                                                @typescript-eslint/no-this-alias
  28875:13  error    Unexpected aliasing of 'this' to local variable                                                                                                                                                                                                                                @typescript-eslint/no-this-alias
  29428:9   warning  Expected an assignment or function call and instead saw an expression                                                                                                                                                                                                          @typescript-eslint/no-unused-expressions

/Users/quyth/development/three/POC/output/wf311613-standalone-murphy-bed/final/whole-product-visual-audit/native-diagnostic.mjs
  3:1835  warning  'n' is assigned a value but never used  @typescript-eslint/no-unused-vars

✖ 83 problems (59 errors, 24 warnings)

