
 RUN  v4.1.11 /Users/quyth/development/three/POC

(node:16541) [THREE_CJS_DEPRECATED] DeprecationWarning: `require("three")` is deprecated and will be removed.
Replace `const THREE = require("three")` with `import * as THREE from "three"`.
(Use `node --trace-deprecation ...` to show where the warning was created)
 ❯ src/products/wf311613-standalone-murphy-bed/tests/short01.test.ts (1 test | 1 failed) 901ms
   × Short-directed states equal approved source mechanics including cuts/backward seeks 900ms

⎯⎯⎯⎯⎯⎯⎯ Failed Tests 1 ⎯⎯⎯⎯⎯⎯⎯

 FAIL  src/products/wf311613-standalone-murphy-bed/tests/short01.test.ts > Short-directed states equal approved source mechanics including cuts/backward seeks
AssertionError: State differences at 1.9666666666666666: [{"id":"S3-E3--1-dowel","children":[{"p":[-116.5,4.2,18],"q":[0,0,0.7071067811865475,0.7071067811865477],"s":[1,1,1],"v":true}]}]: expected [ 'S3-E3--1-dowel', …(5) ] to deeply equal []

- Expected
+ Received

- []
+ [
+   "S3-E3--1-dowel",
+   "S3-E3-1-dowel",
+   "S3-B9--1-dowel",
+   "S3-B9-1-dowel",
+   "S3-D5--1-dowel",
+   "S3-D5-1-dowel",
+ ]

 ❯ src/products/wf311613-standalone-murphy-bed/tests/short01.test.ts:22:376


⎯⎯⎯⎯⎯⎯⎯⎯⎯⎯⎯⎯⎯⎯⎯⎯⎯⎯⎯⎯⎯⎯⎯⎯[1/1]⎯


 Test Files  1 failed (1)
      Tests  1 failed (1)
   Start at  14:58:15
   Duration  1.34s (transform 230ms, setup 0ms, import 366ms, tests 901ms, environment 0ms)

