Input #0, mov,mp4,m4a,3gp,3g2,mj2, from '/Users/quyth/development/three/POC/output/wf311613-standalone-murphy-bed/short/short02-music-pass01/WF311613-short02-music-review-pass01-vertical-1080p.mp4':
  Metadata:
    major_brand     : isom
    minor_version   : 512
    compatible_brands: isomiso2avc1mp41
    encoder         : Lavf62.12.102
  Duration: 00:00:58.00, start: 0.000000, bitrate: 994 kb/s
  Stream #0:0[0x1](und): Video: h264 (High) (avc1 / 0x31637661), yuv420p(progressive), 1080x1920, 729 kb/s, 30 fps, 30 tbr, 15360 tbn (default)
    Metadata:
      handler_name    : VideoHandler
  Stream #0:1[0x2](und): Audio: aac (LC) (mp4a / 0x6134706D), 48000 Hz, stereo, fltp, 256 kb/s (default)
    Metadata:
      handler_name    : SoundHandler
Stream mapping:
  Stream #0:1 -> #0:0 (aac (native) -> pcm_s16le (native))
Output #0, null, to 'pipe:':
  Metadata:
    major_brand     : isom
    minor_version   : 512
    compatible_brands: isomiso2avc1mp41
    encoder         : Lavf62.12.102
  Stream #0:0(und): Audio: pcm_s16le, 192000 Hz, stereo, s16, 6144 kb/s (default)
    Metadata:
      encoder         : Lavc62.28.102 pcm_s16le
      handler_name    : SoundHandler
size=N/A time=00:00:18.90 bitrate=N/A speed=37.1x elapsed=0:00:00.51    size=N/A time=00:00:38.80 bitrate=N/A speed=38.3x elapsed=0:00:01.01    [Parsed_loudnorm_0 @ 0x113e045a0] 
{
	"input_i" : "-15.01",
	"input_tp" : "-5.83",
	"input_lra" : "1.40",
	"input_thresh" : "-25.08",
	"output_i" : "-15.00",
	"output_tp" : "-5.93",
	"output_lra" : "1.50",
	"output_thresh" : "-25.03",
	"normalization_type" : "dynamic",
	"target_offset" : "-0.00"
}
[out#0/null @ 0x133f054b0] video:0KiB audio:43504KiB subtitle:0KiB other streams:0KiB global headers:0KiB muxing overhead: unknown
size=N/A time=00:00:58.10 bitrate=N/A speed=39.5x elapsed=0:00:01.47    
