Input #0, wav, from '/Users/quyth/development/three/POC/output/wf311613-standalone-murphy-bed/short/short02-music-pass01/internal-iterations/v2-one-beat-unlevelled.wav':
  Metadata:
    encoder         : Lavf62.12.102
  Duration: 00:00:58.00, bitrate: 2304 kb/s
  Stream #0:0: Audio: pcm_s24le ([1][0][0][0] / 0x0001), 48000 Hz, stereo, s32 (24 bit), 2304 kb/s
Stream mapping:
  Stream #0:0 -> #0:0 (pcm_s24le (native) -> pcm_s16le (native))
Press [q] to stop, [?] for help
Output #0, null, to 'pipe:':
  Metadata:
    encoder         : Lavf62.12.102
  Stream #0:0: Audio: pcm_s16le, 192000 Hz, stereo, s16, 6144 kb/s
    Metadata:
      encoder         : Lavc62.28.102 pcm_s16le
[Parsed_loudnorm_0 @ 0x14370b950] 
{
	"input_i" : "-18.99",
	"input_tp" : "-9.73",
	"input_lra" : "1.50",
	"input_thresh" : "-29.06",
	"output_i" : "-14.99",
	"output_tp" : "-5.86",
	"output_lra" : "1.30",
	"output_thresh" : "-25.03",
	"normalization_type" : "dynamic",
	"target_offset" : "-0.01"
}
[out#0/null @ 0x1437082b0] video:0KiB audio:43500KiB subtitle:0KiB other streams:0KiB global headers:0KiB muxing overhead: unknown
size=N/A time=00:00:58.00 bitrate=N/A speed=38.9x elapsed=0:00:01.48    
