Input #0, wav, from '/Users/quyth/development/three/POC/output/wf311613-standalone-murphy-bed/final/lofi-music-pass01/revision-v2/AB-transition-v2-candidate-3.wav':
  Metadata:
    encoder         : Lavf62.12.102
  Duration: 00:00:21.85, bitrate: 2304 kb/s
  Stream #0:0: Audio: pcm_s24le ([1][0][0][0] / 0x0001), 48000 Hz, stereo, s32 (24 bit), 2304 kb/s
Stream mapping:
  Stream #0:0 -> #0:0 (pcm_s24le (native) -> pcm_s16le (native))
Press [q] to stop, [?] for help
[Parsed_ebur128_0 @ 0x130705500] t: 0.0999792  TARGET:-23 LUFS    M:-120.7 S:-120.7     I: -70.0 LUFS       LRA:   0.0 LU  FTPK: -15.2 -13.1 dBFS  TPK: -15.2 -13.1 dBFS
Output #0, null, to 'pipe:':
  Metadata:
    encoder         : Lavf62.12.102
  Stream #0:0: Audio: pcm_s16le, 48000 Hz, stereo, s16, 1536 kb/s
    Metadata:
      encoder         : Lavc62.28.102 pcm_s16le
[Parsed_ebur128_0 @ 0x130705500] t: 0.199979   TARGET:-23 LUFS    M:-120.7 S:-120.7     I: -70.0 LUFS       LRA:   0.0 LU  FTPK: -14.1 -13.3 dBFS  TPK: -14.1 -13.1 dBFS
[Parsed_ebur128_0 @ 0x130705500] t: 0.299979   TARGET:-23 LUFS    M:-120.7 S:-120.7     I: -70.0 LUFS       LRA:   0.0 LU  FTPK: -11.7 -10.9 dBFS  TPK: -11.7 -10.9 dBFS
[Parsed_ebur128_0 @ 0x130705500] t: 0.399979   TARGET:-23 LUFS    M: -19.3 S:-120.7     I: -19.3 LUFS       LRA:   0.0 LU  FTPK: -10.6 -11.1 dBFS  TPK: -10.6 -10.9 dBFS
[Parsed_ebur128_0 @ 0x130705500] t: 0.499979   TARGET:-23 LUFS    M: -19.3 S:-120.7     I: -19.3 LUFS       LRA:   0.0 LU  FTPK: -11.1 -11.1 dBFS  TPK: -10.6 -10.9 dBFS
[Parsed_ebur128_0 @ 0x130705500] t: 0.599979   TARGET:-23 LUFS    M: -19.1 S:-120.7     I: -19.2 LUFS       LRA:   0.0 LU  FTPK: -11.6 -11.1 dBFS  TPK: -10.6 -10.9 dBFS
[Parsed_ebur128_0 @ 0x130705500] t: 0.699979   TARGET:-23 LUFS    M: -19.6 S:-120.7     I: -19.3 LUFS       LRA:   0.0 LU  FTPK: -10.7 -10.7 dBFS  TPK: -10.6 -10.7 dBFS
[Parsed_ebur128_0 @ 0x130705500] t: 0.799979   TARGET:-23 LUFS    M: -19.6 S:-120.7     I: -19.4 LUFS       LRA:   0.0 LU  FTPK: -10.9 -11.2 dBFS  TPK: -10.6 -10.7 dBFS
[Parsed_ebur128_0 @ 0x130705500] t: 0.899979   TARGET:-23 LUFS    M: -19.6 S:-120.7     I: -19.4 LUFS       LRA:   0.0 LU  FTPK: -11.9 -11.0 dBFS  TPK: -10.6 -10.7 dBFS
[Parsed_ebur128_0 @ 0x130705500] t: 0.999979   TARGET:-23 LUFS    M: -19.4 S:-120.7     I: -19.4 LUFS       LRA:   0.0 LU  FTPK: -11.3 -10.8 dBFS  TPK: -10.6 -10.7 dBFS
[Parsed_ebur128_0 @ 0x130705500] t: 1.099979   TARGET:-23 LUFS    M: -19.7 S:-120.7     I: -19.4 LUFS       LRA:   0.0 LU  FTPK: -11.7 -10.8 dBFS  TPK: -10.6 -10.7 dBFS
[Parsed_ebur128_0 @ 0x130705500] t: 1.199979   TARGET:-23 LUFS    M: -19.8 S:-120.7     I: -19.5 LUFS       LRA:   0.0 LU  FTPK: -12.1 -12.0 dBFS  TPK: -10.6 -10.7 dBFS
[Parsed_ebur128_0 @ 0x130705500] t: 1.299979   TARGET:-23 LUFS    M: -19.2 S:-120.7     I: -19.4 LUFS       LRA:   0.0 LU  FTPK: -11.0 -11.0 dBFS  TPK: -10.6 -10.7 dBFS
[Parsed_ebur128_0 @ 0x130705500] t: 1.399979   TARGET:-23 LUFS    M: -19.1 S:-120.7     I: -19.4 LUFS       LRA:   0.0 LU  FTPK: -10.9 -11.5 dBFS  TPK: -10.6 -10.7 dBFS
[Parsed_ebur128_0 @ 0x130705500] t: 1.499979   TARGET:-23 LUFS    M: -19.0 S:-120.7     I: -19.4 LUFS       LRA:   0.0 LU  FTPK: -11.0 -11.1 dBFS  TPK: -10.6 -10.7 dBFS
[Parsed_ebur128_0 @ 0x130705500] t: 1.599979   TARGET:-23 LUFS    M: -18.7 S:-120.7     I: -19.3 LUFS       LRA:   0.0 LU  FTPK: -11.4 -11.0 dBFS  TPK: -10.6 -10.7 dBFS
[Parsed_ebur128_0 @ 0x130705500] t: 1.699979   TARGET:-23 LUFS    M: -19.0 S:-120.7     I: -19.3 LUFS       LRA:   0.0 LU  FTPK: -11.6 -11.1 dBFS  TPK: -10.6 -10.7 dBFS
[Parsed_ebur128_0 @ 0x130705500] t: 1.799979   TARGET:-23 LUFS    M: -19.0 S:-120.7     I: -19.3 LUFS       LRA:   0.0 LU  FTPK: -11.2 -10.7 dBFS  TPK: -10.6 -10.7 dBFS
[Parsed_ebur128_0 @ 0x130705500] t: 1.899979   TARGET:-23 LUFS    M: -19.2 S:-120.7     I: -19.3 LUFS       LRA:   0.0 LU  FTPK: -12.8 -10.7 dBFS  TPK: -10.6 -10.7 dBFS
[Parsed_ebur128_0 @ 0x130705500] t: 1.999979   TARGET:-23 LUFS    M: -19.7 S:-120.7     I: -19.3 LUFS       LRA:   0.0 LU  FTPK: -11.3 -11.2 dBFS  TPK: -10.6 -10.7 dBFS
[Parsed_ebur128_0 @ 0x130705500] t: 2.099979   TARGET:-23 LUFS    M: -19.3 S:-120.7     I: -19.3 LUFS       LRA:   0.0 LU  FTPK: -11.0 -11.0 dBFS  TPK: -10.6 -10.7 dBFS
[Parsed_ebur128_0 @ 0x130705500] t: 2.199979   TARGET:-23 LUFS    M: -19.2 S:-120.7     I: -19.3 LUFS       LRA:   0.0 LU  FTPK: -11.3 -11.1 dBFS  TPK: -10.6 -10.7 dBFS
[Parsed_ebur128_0 @ 0x130705500] t: 2.299979   TARGET:-23 LUFS    M: -19.2 S:-120.7     I: -19.3 LUFS       LRA:   0.0 LU  FTPK: -11.2 -11.0 dBFS  TPK: -10.6 -10.7 dBFS
[Parsed_ebur128_0 @ 0x130705500] t: 2.399979   TARGET:-23 LUFS    M: -19.0 S:-120.7     I: -19.3 LUFS       LRA:   0.0 LU  FTPK: -11.3 -11.2 dBFS  TPK: -10.6 -10.7 dBFS
[Parsed_ebur128_0 @ 0x130705500] t: 2.499979   TARGET:-23 LUFS    M: -19.2 S:-120.7     I: -19.3 LUFS       LRA:   0.0 LU  FTPK: -11.1 -11.0 dBFS  TPK: -10.6 -10.7 dBFS
[Parsed_ebur128_0 @ 0x130705500] t: 2.599979   TARGET:-23 LUFS    M: -19.5 S:-120.7     I: -19.3 LUFS       LRA:   0.0 LU  FTPK: -11.2 -11.1 dBFS  TPK: -10.6 -10.7 dBFS
[Parsed_ebur128_0 @ 0x130705500] t: 2.699979   TARGET:-23 LUFS    M: -19.5 S:-120.7     I: -19.3 LUFS       LRA:   0.0 LU  FTPK: -11.9 -10.9 dBFS  TPK: -10.6 -10.7 dBFS
[Parsed_ebur128_0 @ 0x130705500] t: 2.799979   TARGET:-23 LUFS    M: -19.7 S:-120.7     I: -19.3 LUFS       LRA:   0.0 LU  FTPK: -11.0 -11.3 dBFS  TPK: -10.6 -10.7 dBFS
[Parsed_ebur128_0 @ 0x130705500] t: 2.899979   TARGET:-23 LUFS    M: -19.6 S:-120.7     I: -19.3 LUFS       LRA:   0.0 LU  FTPK: -11.2 -10.9 dBFS  TPK: -10.6 -10.7 dBFS
[Parsed_ebur128_0 @ 0x130705500] t: 2.999979   TARGET:-23 LUFS    M: -19.7 S: -19.4     I: -19.3 LUFS       LRA:  20.0 LU  FTPK: -11.2 -11.2 dBFS  TPK: -10.6 -10.7 dBFS
[Parsed_ebur128_0 @ 0x130705500] t: 3.099979   TARGET:-23 LUFS    M: -19.6 S: -19.3     I: -19.3 LUFS       LRA:  20.0 LU  FTPK: -10.8 -11.2 dBFS  TPK: -10.6 -10.7 dBFS
[Parsed_ebur128_0 @ 0x130705500] t: 3.199979   TARGET:-23 LUFS    M: -19.3 S: -19.3     I: -19.3 LUFS       LRA:  20.0 LU  FTPK: -12.1 -11.1 dBFS  TPK: -10.6 -10.7 dBFS
[Parsed_ebur128_0 @ 0x130705500] t: 3.299979   TARGET:-23 LUFS    M: -19.6 S: -19.4     I: -19.3 LUFS       LRA:  20.1 LU  FTPK: -11.1 -11.5 dBFS  TPK: -10.6 -10.7 dBFS
[Parsed_ebur128_0 @ 0x130705500] t: 3.399979   TARGET:-23 LUFS    M: -19.6 S: -19.4     I: -19.3 LUFS       LRA:   0.1 LU  FTPK: -10.6 -11.0 dBFS  TPK: -10.6 -10.7 dBFS
[Parsed_ebur128_0 @ 0x130705500] t: 3.499979   TARGET:-23 LUFS    M: -19.9 S: -19.4     I: -19.4 LUFS       LRA:   0.1 LU  FTPK: -11.4 -10.8 dBFS  TPK: -10.6 -10.7 dBFS
[Parsed_ebur128_0 @ 0x130705500] t: 3.599979   TARGET:-23 LUFS    M: -20.0 S: -19.4     I: -19.4 LUFS       LRA:   0.1 LU  FTPK: -10.6 -11.3 dBFS  TPK: -10.6 -10.7 dBFS
[Parsed_ebur128_0 @ 0x130705500] t: 3.699979   TARGET:-23 LUFS    M: -19.9 S: -19.4     I: -19.4 LUFS       LRA:   0.2 LU  FTPK: -10.8 -11.1 dBFS  TPK: -10.6 -10.7 dBFS
[Parsed_ebur128_0 @ 0x130705500] t: 3.799979   TARGET:-23 LUFS    M: -19.8 S: -19.4     I: -19.4 LUFS       LRA:   0.2 LU  FTPK: -11.1 -10.7 dBFS  TPK: -10.6 -10.7 dBFS
[Parsed_ebur128_0 @ 0x130705500] t: 3.899979   TARGET:-23 LUFS    M: -19.6 S: -19.4     I: -19.4 LUFS       LRA:   0.2 LU  FTPK: -12.4 -10.9 dBFS  TPK: -10.6 -10.7 dBFS
[Parsed_ebur128_0 @ 0x130705500] t: 3.999979   TARGET:-23 LUFS    M: -19.3 S: -19.4     I: -19.4 LUFS       LRA:   0.1 LU  FTPK: -11.2 -11.1 dBFS  TPK: -10.6 -10.7 dBFS
[Parsed_ebur128_0 @ 0x130705500] t: 4.099979   TARGET:-23 LUFS    M: -19.3 S: -19.4     I: -19.4 LUFS       LRA:   0.1 LU  FTPK: -11.7 -10.8 dBFS  TPK: -10.6 -10.7 dBFS
[Parsed_ebur128_0 @ 0x130705500] t: 4.199979   TARGET:-23 LUFS    M: -19.3 S: -19.4     I: -19.4 LUFS       LRA:   0.1 LU  FTPK: -11.0 -10.7 dBFS  TPK: -10.6 -10.7 dBFS
[Parsed_ebur128_0 @ 0x130705500] t: 4.299979   TARGET:-23 LUFS    M: -19.3 S: -19.4     I: -19.4 LUFS       LRA:   0.1 LU  FTPK: -10.7 -11.8 dBFS  TPK: -10.6 -10.7 dBFS
[Parsed_ebur128_0 @ 0x130705500] t: 4.399979   TARGET:-23 LUFS    M: -19.5 S: -19.4     I: -19.4 LUFS       LRA:   0.1 LU  FTPK: -11.2 -11.6 dBFS  TPK: -10.6 -10.7 dBFS
[Parsed_ebur128_0 @ 0x130705500] t: 4.499979   TARGET:-23 LUFS    M: -19.4 S: -19.4     I: -19.4 LUFS       LRA:   0.1 LU  FTPK: -11.1 -11.4 dBFS  TPK: -10.6 -10.7 dBFS
[Parsed_ebur128_0 @ 0x130705500] t: 4.599979   TARGET:-23 LUFS    M: -19.4 S: -19.5     I: -19.4 LUFS       LRA:   0.1 LU  FTPK: -11.8 -11.2 dBFS  TPK: -10.6 -10.7 dBFS
[Parsed_ebur128_0 @ 0x130705500] t: 4.699979   TARGET:-23 LUFS    M: -19.4 S: -19.5     I: -19.4 LUFS       LRA:   0.1 LU  FTPK: -11.6 -11.2 dBFS  TPK: -10.6 -10.7 dBFS
[Parsed_ebur128_0 @ 0x130705500] t: 4.799979   TARGET:-23 LUFS    M: -19.4 S: -19.5     I: -19.4 LUFS       LRA:   0.2 LU  FTPK: -11.2 -11.2 dBFS  TPK: -10.6 -10.7 dBFS
[Parsed_ebur128_0 @ 0x130705500] t: 4.899979   TARGET:-23 LUFS    M: -19.5 S: -19.5     I: -19.4 LUFS       LRA:   0.2 LU  FTPK: -11.1 -10.9 dBFS  TPK: -10.6 -10.7 dBFS
[Parsed_ebur128_0 @ 0x130705500] t: 4.999979   TARGET:-23 LUFS    M: -19.4 S: -19.4     I: -19.4 LUFS       LRA:   0.2 LU  FTPK: -11.4 -11.6 dBFS  TPK: -10.6 -10.7 dBFS
[Parsed_ebur128_0 @ 0x130705500] t: 5.099979   TARGET:-23 LUFS    M: -19.2 S: -19.4     I: -19.4 LUFS       LRA:   0.2 LU  FTPK: -11.5 -12.0 dBFS  TPK: -10.6 -10.7 dBFS
[Parsed_ebur128_0 @ 0x130705500] t: 5.199979   TARGET:-23 LUFS    M: -19.0 S: -19.5     I: -19.4 LUFS       LRA:   0.2 LU  FTPK: -11.2 -11.8 dBFS  TPK: -10.6 -10.7 dBFS
[Parsed_ebur128_0 @ 0x130705500] t: 5.299979   TARGET:-23 LUFS    M: -18.8 S: -19.4     I: -19.4 LUFS       LRA:   0.2 LU  FTPK: -11.1 -12.2 dBFS  TPK: -10.6 -10.7 dBFS
[Parsed_ebur128_0 @ 0x130705500] t: 5.399979   TARGET:-23 LUFS    M: -18.6 S: -19.4     I: -19.4 LUFS       LRA:   0.2 LU  FTPK: -11.8 -10.9 dBFS  TPK: -10.6 -10.7 dBFS
[Parsed_ebur128_0 @ 0x130705500] t: 5.499979   TARGET:-23 LUFS    M: -18.7 S: -19.4     I: -19.4 LUFS       LRA:   0.2 LU  FTPK: -11.6 -10.9 dBFS  TPK: -10.6 -10.7 dBFS
[Parsed_ebur128_0 @ 0x130705500] t: 5.599979   TARGET:-23 LUFS    M: -19.3 S: -19.4     I: -19.4 LUFS       LRA:   0.2 LU  FTPK: -15.8 -14.8 dBFS  TPK: -10.6 -10.7 dBFS
[Parsed_ebur128_0 @ 0x130705500] t: 5.699979   TARGET:-23 LUFS    M: -19.4 S: -19.4     I: -19.4 LUFS       LRA:   0.2 LU  FTPK: -12.2 -11.6 dBFS  TPK: -10.6 -10.7 dBFS
[Parsed_ebur128_0 @ 0x130705500] t: 5.799979   TARGET:-23 LUFS    M: -19.6 S: -19.4     I: -19.4 LUFS       LRA:   0.2 LU  FTPK: -11.6 -11.2 dBFS  TPK: -10.6 -10.7 dBFS
[Parsed_ebur128_0 @ 0x130705500] t: 5.899979   TARGET:-23 LUFS    M: -19.8 S: -19.4     I: -19.4 LUFS       LRA:   0.2 LU  FTPK: -13.5 -12.3 dBFS  TPK: -10.6 -10.7 dBFS
[Parsed_ebur128_0 @ 0x130705500] t: 5.999979   TARGET:-23 LUFS    M: -19.1 S: -19.4     I: -19.4 LUFS       LRA:   0.1 LU  FTPK: -11.8 -10.8 dBFS  TPK: -10.6 -10.7 dBFS
[Parsed_ebur128_0 @ 0x130705500] t: 6.099979   TARGET:-23 LUFS    M: -18.8 S: -19.3     I: -19.4 LUFS       LRA:   0.2 LU  FTPK: -10.9 -10.9 dBFS  TPK: -10.6 -10.7 dBFS
[Parsed_ebur128_0 @ 0x130705500] t: 6.199979   TARGET:-23 LUFS    M: -18.6 S: -19.3     I: -19.3 LUFS       LRA:   0.2 LU  FTPK: -11.3 -11.8 dBFS  TPK: -10.6 -10.7 dBFS
[Parsed_ebur128_0 @ 0x130705500] t: 6.299979   TARGET:-23 LUFS    M: -18.1 S: -19.2     I: -19.3 LUFS       LRA:   0.2 LU  FTPK: -11.2 -10.9 dBFS  TPK: -10.6 -10.7 dBFS
[Parsed_ebur128_0 @ 0x130705500] t: 6.399979   TARGET:-23 LUFS    M: -18.2 S: -19.2     I: -19.3 LUFS       LRA:   0.2 LU  FTPK: -10.9 -10.8 dBFS  TPK: -10.6 -10.7 dBFS
[Parsed_ebur128_0 @ 0x130705500] t: 6.499979   TARGET:-23 LUFS    M: -18.2 S: -19.1     I: -19.3 LUFS       LRA:   0.3 LU  FTPK: -12.1 -11.4 dBFS  TPK: -10.6 -10.7 dBFS
[Parsed_ebur128_0 @ 0x130705500] t: 6.599979   TARGET:-23 LUFS    M: -18.3 S: -19.0     I: -19.3 LUFS       LRA:   0.3 LU  FTPK: -12.5 -11.3 dBFS  TPK: -10.6 -10.7 dBFS
[Parsed_ebur128_0 @ 0x130705500] t: 6.699979   TARGET:-23 LUFS    M: -18.5 S: -19.0     I: -19.2 LUFS       LRA:   0.4 LU  FTPK: -11.7 -11.1 dBFS  TPK: -10.6 -10.7 dBFS
[Parsed_ebur128_0 @ 0x130705500] t: 6.799979   TARGET:-23 LUFS    M: -18.5 S: -19.0     I: -19.2 LUFS       LRA:   0.4 LU  FTPK: -11.7 -11.0 dBFS  TPK: -10.6 -10.7 dBFS
[Parsed_ebur128_0 @ 0x130705500] t: 6.899979   TARGET:-23 LUFS    M: -18.4 S: -18.9     I: -19.2 LUFS       LRA:   0.5 LU  FTPK: -11.3 -11.4 dBFS  TPK: -10.6 -10.7 dBFS
[Parsed_ebur128_0 @ 0x130705500] t: 6.999979   TARGET:-23 LUFS    M: -18.5 S: -18.9     I: -19.2 LUFS       LRA:   0.5 LU  FTPK: -11.5 -11.3 dBFS  TPK: -10.6 -10.7 dBFS
[Parsed_ebur128_0 @ 0x130705500] t: 7.099979   TARGET:-23 LUFS    M: -18.5 S: -18.9     I: -19.2 LUFS       LRA:   0.5 LU  FTPK: -11.7 -12.2 dBFS  TPK: -10.6 -10.7 dBFS
[Parsed_ebur128_0 @ 0x130705500] t: 7.199979   TARGET:-23 LUFS    M: -18.4 S: -18.8     I: -19.2 LUFS       LRA:   0.5 LU  FTPK: -11.9 -11.5 dBFS  TPK: -10.6 -10.7 dBFS
[Parsed_ebur128_0 @ 0x130705500] t: 7.299979   TARGET:-23 LUFS    M: -18.4 S: -18.8     I: -19.2 LUFS       LRA:   0.6 LU  FTPK: -11.3 -11.2 dBFS  TPK: -10.6 -10.7 dBFS
[Parsed_ebur128_0 @ 0x130705500] t: 7.399979   TARGET:-23 LUFS    M: -18.4 S: -18.8     I: -19.2 LUFS       LRA:   0.6 LU  FTPK: -12.2 -11.6 dBFS  TPK: -10.6 -10.7 dBFS
[Parsed_ebur128_0 @ 0x130705500] t: 7.499979   TARGET:-23 LUFS    M: -18.4 S: -18.8     I: -19.1 LUFS       LRA:   0.6 LU  FTPK: -12.4 -11.5 dBFS  TPK: -10.6 -10.7 dBFS
[Parsed_ebur128_0 @ 0x130705500] t: 7.599979   TARGET:-23 LUFS    M: -18.4 S: -18.7     I: -19.1 LUFS       LRA:   0.7 LU  FTPK: -12.0 -11.8 dBFS  TPK: -10.6 -10.7 dBFS
[Parsed_ebur128_0 @ 0x130705500] t: 7.699979   TARGET:-23 LUFS    M: -18.8 S: -18.7     I: -19.1 LUFS       LRA:   0.7 LU  FTPK: -12.5 -12.4 dBFS  TPK: -10.6 -10.7 dBFS
[Parsed_ebur128_0 @ 0x130705500] t: 7.799979   TARGET:-23 LUFS    M: -19.1 S: -18.7     I: -19.1 LUFS       LRA:   0.7 LU  FTPK: -12.0 -11.7 dBFS  TPK: -10.6 -10.7 dBFS
[Parsed_ebur128_0 @ 0x130705500] t: 7.899979   TARGET:-23 LUFS    M: -19.0 S: -18.7     I: -19.1 LUFS       LRA:   0.7 LU  FTPK: -11.9 -11.8 dBFS  TPK: -10.6 -10.7 dBFS
[Parsed_ebur128_0 @ 0x130705500] t: 7.999979   TARGET:-23 LUFS    M: -19.4 S: -18.7     I: -19.1 LUFS       LRA:   0.7 LU  FTPK: -11.6 -12.2 dBFS  TPK: -10.6 -10.7 dBFS
[Parsed_ebur128_0 @ 0x130705500] t: 8.099979   TARGET:-23 LUFS    M: -19.9 S: -18.8     I: -19.1 LUFS       LRA:   0.7 LU  FTPK: -15.8 -12.7 dBFS  TPK: -10.6 -10.7 dBFS
[Parsed_ebur128_0 @ 0x130705500] t: 8.199979   TARGET:-23 LUFS    M: -19.6 S: -18.8     I: -19.1 LUFS       LRA:   0.7 LU  FTPK: -12.0 -11.1 dBFS  TPK: -10.6 -10.7 dBFS
[Parsed_ebur128_0 @ 0x130705500] t: 8.299979   TARGET:-23 LUFS    M: -19.6 S: -18.8     I: -19.1 LUFS       LRA:   0.7 LU  FTPK: -11.7 -11.2 dBFS  TPK: -10.6 -10.7 dBFS
[Parsed_ebur128_0 @ 0x130705500] t: 8.399979   TARGET:-23 LUFS    M: -19.6 S: -18.8     I: -19.2 LUFS       LRA:   0.7 LU  FTPK: -11.4 -11.2 dBFS  TPK: -10.6 -10.7 dBFS
[Parsed_ebur128_0 @ 0x130705500] t: 8.499979   TARGET:-23 LUFS    M: -19.0 S: -18.8     I: -19.2 LUFS       LRA:   0.7 LU  FTPK: -12.3 -11.0 dBFS  TPK: -10.6 -10.7 dBFS
[Parsed_ebur128_0 @ 0x130705500] t: 8.599979   TARGET:-23 LUFS    M: -19.1 S: -18.8     I: -19.2 LUFS       LRA:   0.7 LU  FTPK: -11.5 -11.1 dBFS  TPK: -10.6 -10.7 dBFS
[Parsed_ebur128_0 @ 0x130705500] t: 8.699979   TARGET:-23 LUFS    M: -19.3 S: -18.8     I: -19.2 LUFS       LRA:   0.7 LU  FTPK: -11.0 -11.0 dBFS  TPK: -10.6 -10.7 dBFS
[Parsed_ebur128_0 @ 0x130705500] t: 8.799979   TARGET:-23 LUFS    M: -19.1 S: -18.8     I: -19.2 LUFS       LRA:   0.7 LU  FTPK: -11.1 -11.1 dBFS  TPK: -10.6 -10.7 dBFS
[Parsed_ebur128_0 @ 0x130705500] t: 8.899979   TARGET:-23 LUFS    M: -19.1 S: -18.8     I: -19.2 LUFS       LRA:   0.7 LU  FTPK: -11.0 -11.4 dBFS  TPK: -10.6 -10.7 dBFS
[Parsed_ebur128_0 @ 0x130705500] t: 8.999979   TARGET:-23 LUFS    M: -19.1 S: -18.8     I: -19.2 LUFS       LRA:   0.7 LU  FTPK: -11.3 -11.1 dBFS  TPK: -10.6 -10.7 dBFS
[Parsed_ebur128_0 @ 0x130705500] t: 9.099979   TARGET:-23 LUFS    M: -19.2 S: -18.8     I: -19.2 LUFS       LRA:   0.7 LU  FTPK: -11.1 -11.0 dBFS  TPK: -10.6 -10.7 dBFS
[Parsed_ebur128_0 @ 0x130705500] t: 9.199979   TARGET:-23 LUFS    M: -19.3 S: -18.9     I: -19.2 LUFS       LRA:   0.7 LU  FTPK: -11.4 -11.4 dBFS  TPK: -10.6 -10.7 dBFS
[Parsed_ebur128_0 @ 0x130705500] t: 9.299979   TARGET:-23 LUFS    M: -19.3 S: -18.9     I: -19.2 LUFS       LRA:   0.7 LU  FTPK: -11.8 -11.6 dBFS  TPK: -10.6 -10.7 dBFS
[Parsed_ebur128_0 @ 0x130705500] t: 9.399979   TARGET:-23 LUFS    M: -19.2 S: -18.9     I: -19.2 LUFS       LRA:   0.7 LU  FTPK: -11.4 -11.1 dBFS  TPK: -10.6 -10.7 dBFS
[Parsed_ebur128_0 @ 0x130705500] t: 9.499979   TARGET:-23 LUFS    M: -19.2 S: -19.0     I: -19.2 LUFS       LRA:   0.7 LU  FTPK: -11.4 -11.2 dBFS  TPK: -10.6 -10.7 dBFS
[Parsed_ebur128_0 @ 0x130705500] t: 9.599979   TARGET:-23 LUFS    M: -19.1 S: -19.0     I: -19.2 LUFS       LRA:   0.7 LU  FTPK: -11.6 -11.4 dBFS  TPK: -10.6 -10.7 dBFS
[Parsed_ebur128_0 @ 0x130705500] t: 9.699979   TARGET:-23 LUFS    M: -19.1 S: -19.0     I: -19.2 LUFS       LRA:   0.7 LU  FTPK: -11.4 -10.9 dBFS  TPK: -10.6 -10.7 dBFS
[Parsed_ebur128_0 @ 0x130705500] t: 9.799979   TARGET:-23 LUFS    M: -18.9 S: -19.0     I: -19.2 LUFS       LRA:   0.7 LU  FTPK: -11.0 -10.8 dBFS  TPK: -10.6 -10.7 dBFS
[Parsed_ebur128_0 @ 0x130705500] t: 9.899979   TARGET:-23 LUFS    M: -18.8 S: -19.0     I: -19.1 LUFS       LRA:   0.7 LU  FTPK: -10.9 -11.0 dBFS  TPK: -10.6 -10.7 dBFS
[Parsed_ebur128_0 @ 0x130705500] t: 9.999979   TARGET:-23 LUFS    M: -18.8 S: -19.0     I: -19.1 LUFS       LRA:   0.7 LU  FTPK: -11.8 -11.1 dBFS  TPK: -10.6 -10.7 dBFS
[Parsed_ebur128_0 @ 0x130705500] t: 10.099979  TARGET:-23 LUFS    M: -18.8 S: -19.1     I: -19.1 LUFS       LRA:   0.7 LU  FTPK: -11.9 -10.8 dBFS  TPK: -10.6 -10.7 dBFS
[Parsed_ebur128_0 @ 0x130705500] t: 10.199979  TARGET:-23 LUFS    M: -19.2 S: -19.1     I: -19.1 LUFS       LRA:   0.7 LU  FTPK: -13.3 -11.0 dBFS  TPK: -10.6 -10.7 dBFS
[Parsed_ebur128_0 @ 0x130705500] t: 10.299979  TARGET:-23 LUFS    M: -19.2 S: -19.1     I: -19.1 LUFS       LRA:   0.7 LU  FTPK: -11.1 -10.6 dBFS  TPK: -10.6 -10.6 dBFS
[Parsed_ebur128_0 @ 0x130705500] t: 10.399979  TARGET:-23 LUFS    M: -19.4 S: -19.2     I: -19.1 LUFS       LRA:   0.7 LU  FTPK: -10.7 -10.7 dBFS  TPK: -10.6 -10.6 dBFS
[Parsed_ebur128_0 @ 0x130705500] t: 10.499979  TARGET:-23 LUFS    M: -19.4 S: -19.2     I: -19.1 LUFS       LRA:   0.7 LU  FTPK:  -9.9 -10.5 dBFS  TPK:  -9.9 -10.5 dBFS
[Parsed_ebur128_0 @ 0x130705500] t: 10.599979  TARGET:-23 LUFS    M: -19.7 S: -19.3     I: -19.2 LUFS       LRA:   0.7 LU  FTPK: -13.4 -11.2 dBFS  TPK:  -9.9 -10.5 dBFS
[Parsed_ebur128_0 @ 0x130705500] t: 10.699979  TARGET:-23 LUFS    M: -19.9 S: -19.3     I: -19.2 LUFS       LRA:   0.7 LU  FTPK: -10.1 -10.5 dBFS  TPK:  -9.9 -10.5 dBFS
[Parsed_ebur128_0 @ 0x130705500] t: 10.799979  TARGET:-23 LUFS    M: -20.0 S: -19.3     I: -19.2 LUFS       LRA:   0.7 LU  FTPK: -10.1 -11.4 dBFS  TPK:  -9.9 -10.5 dBFS
[Parsed_ebur128_0 @ 0x130705500] t: 10.899979  TARGET:-23 LUFS    M: -20.6 S: -19.4     I: -19.2 LUFS       LRA:   0.7 LU  FTPK: -12.3 -12.4 dBFS  TPK:  -9.9 -10.5 dBFS
[Parsed_ebur128_0 @ 0x130705500] t: 10.999979  TARGET:-23 LUFS    M: -19.8 S: -19.3     I: -19.2 LUFS       LRA:   0.7 LU  FTPK: -10.0  -9.4 dBFS  TPK:  -9.9  -9.4 dBFS
[Parsed_ebur128_0 @ 0x130705500] t: 11.099979  TARGET:-23 LUFS    M: -20.3 S: -19.3     I: -19.2 LUFS       LRA:   0.7 LU  FTPK: -13.4 -12.8 dBFS  TPK:  -9.9  -9.4 dBFS
[Parsed_ebur128_0 @ 0x130705500] t: 11.199979  TARGET:-23 LUFS    M: -20.7 S: -19.4     I: -19.2 LUFS       LRA:   0.7 LU  FTPK: -13.8 -14.5 dBFS  TPK:  -9.9  -9.4 dBFS
[Parsed_ebur128_0 @ 0x130705500] t: 11.299979  TARGET:-23 LUFS    M: -20.6 S: -19.5     I: -19.2 LUFS       LRA:   0.7 LU  FTPK: -12.3 -12.4 dBFS  TPK:  -9.9  -9.4 dBFS
[Parsed_ebur128_0 @ 0x130705500] t: 11.399979  TARGET:-23 LUFS    M: -21.7 S: -19.6     I: -19.2 LUFS       LRA:   0.7 LU  FTPK: -14.3 -14.6 dBFS  TPK:  -9.9  -9.4 dBFS
[Parsed_ebur128_0 @ 0x130705500] t: 11.499979  TARGET:-23 LUFS    M: -21.9 S: -19.6     I: -19.3 LUFS       LRA:   0.7 LU  FTPK: -12.2 -12.3 dBFS  TPK:  -9.9  -9.4 dBFS
[Parsed_ebur128_0 @ 0x130705500] t: 11.599979  TARGET:-23 LUFS    M: -22.0 S: -19.7     I: -19.3 LUFS       LRA:   0.7 LU  FTPK: -11.0 -10.4 dBFS  TPK:  -9.9  -9.4 dBFS
[Parsed_ebur128_0 @ 0x130705500] t: 11.699979  TARGET:-23 LUFS    M: -21.3 S: -19.7     I: -19.3 LUFS       LRA:   0.7 LU  FTPK: -11.2 -10.2 dBFS  TPK:  -9.9  -9.4 dBFS
[Parsed_ebur128_0 @ 0x130705500] t: 11.799979  TARGET:-23 LUFS    M: -20.3 S: -19.7     I: -19.3 LUFS       LRA:   0.7 LU  FTPK: -10.7 -11.2 dBFS  TPK:  -9.9  -9.4 dBFS
[Parsed_ebur128_0 @ 0x130705500] t: 11.899979  TARGET:-23 LUFS    M: -20.3 S: -19.8     I: -19.3 LUFS       LRA:   0.7 LU  FTPK: -10.6 -10.8 dBFS  TPK:  -9.9  -9.4 dBFS
[Parsed_ebur128_0 @ 0x130705500] t: 11.999979  TARGET:-23 LUFS    M: -19.7 S: -19.8     I: -19.3 LUFS       LRA:   0.7 LU  FTPK: -13.1 -11.8 dBFS  TPK:  -9.9  -9.4 dBFS
[Parsed_ebur128_0 @ 0x130705500] t: 12.099979  TARGET:-23 LUFS    M: -20.7 S: -19.9     I: -19.3 LUFS       LRA:   0.8 LU  FTPK: -16.1 -17.5 dBFS  TPK:  -9.9  -9.4 dBFS
[Parsed_ebur128_0 @ 0x130705500] t: 12.199979  TARGET:-23 LUFS    M: -22.2 S: -20.0     I: -19.3 LUFS       LRA:   0.8 LU  FTPK: -11.3 -11.0 dBFS  TPK:  -9.9  -9.4 dBFS
[Parsed_ebur128_0 @ 0x130705500] t: 12.299979  TARGET:-23 LUFS    M: -22.1 S: -20.1     I: -19.3 LUFS       LRA:   0.9 LU  FTPK: -11.1 -11.7 dBFS  TPK:  -9.9  -9.4 dBFS
[Parsed_ebur128_0 @ 0x130705500] t: 12.399979  TARGET:-23 LUFS    M: -21.1 S: -20.1     I: -19.4 LUFS       LRA:   0.9 LU  FTPK: -10.3 -10.3 dBFS  TPK:  -9.9  -9.4 dBFS
[Parsed_ebur128_0 @ 0x130705500] t: 12.499979  TARGET:-23 LUFS    M: -21.3 S: -20.2     I: -19.4 LUFS       LRA:   1.0 LU  FTPK: -15.0 -15.0 dBFS  TPK:  -9.9  -9.4 dBFS
[Parsed_ebur128_0 @ 0x130705500] t: 12.599979  TARGET:-23 LUFS    M: -21.1 S: -20.3     I: -19.4 LUFS       LRA:   1.0 LU  FTPK: -12.4 -11.0 dBFS  TPK:  -9.9  -9.4 dBFS
[Parsed_ebur128_0 @ 0x130705500] t: 12.699979  TARGET:-23 LUFS    M: -20.7 S: -20.4     I: -19.4 LUFS       LRA:   1.0 LU  FTPK: -12.7 -11.0 dBFS  TPK:  -9.9  -9.4 dBFS
[Parsed_ebur128_0 @ 0x130705500] t: 12.799979  TARGET:-23 LUFS    M: -21.9 S: -20.5     I: -19.4 LUFS       LRA:   1.1 LU  FTPK: -10.6 -10.5 dBFS  TPK:  -9.9  -9.4 dBFS
[Parsed_ebur128_0 @ 0x130705500] t: 12.899979  TARGET:-23 LUFS    M: -20.0 S: -20.4     I: -19.4 LUFS       LRA:   1.1 LU  FTPK: -10.3 -10.0 dBFS  TPK:  -9.9  -9.4 dBFS
[Parsed_ebur128_0 @ 0x130705500] t: 12.999979  TARGET:-23 LUFS    M: -19.4 S: -20.4     I: -19.4 LUFS       LRA:   1.2 LU  FTPK: -12.2 -11.6 dBFS  TPK:  -9.9  -9.4 dBFS
[Parsed_ebur128_0 @ 0x130705500] t: 13.099979  TARGET:-23 LUFS    M: -19.2 S: -20.4     I: -19.4 LUFS       LRA:   1.3 LU  FTPK: -12.4 -10.8 dBFS  TPK:  -9.9  -9.4 dBFS
[Parsed_ebur128_0 @ 0x130705500] t: 13.199979  TARGET:-23 LUFS    M: -19.4 S: -20.5     I: -19.4 LUFS       LRA:   1.3 LU  FTPK: -12.0 -13.6 dBFS  TPK:  -9.9  -9.4 dBFS
[Parsed_ebur128_0 @ 0x130705500] t: 13.299979  TARGET:-23 LUFS    M: -20.0 S: -20.5     I: -19.4 LUFS       LRA:   1.4 LU  FTPK: -12.4 -10.4 dBFS  TPK:  -9.9  -9.4 dBFS
[Parsed_ebur128_0 @ 0x130705500] t: 13.399979  TARGET:-23 LUFS    M: -20.0 S: -20.5     I: -19.4 LUFS       LRA:   1.4 LU  FTPK: -12.7 -12.5 dBFS  TPK:  -9.9  -9.4 dBFS
[Parsed_ebur128_0 @ 0x130705500] t: 13.499979  TARGET:-23 LUFS    M: -20.6 S: -20.6     I: -19.4 LUFS       LRA:   1.5 LU  FTPK: -13.8 -11.3 dBFS  TPK:  -9.9  -9.4 dBFS
[Parsed_ebur128_0 @ 0x130705500] t: 13.599979  TARGET:-23 LUFS    M: -19.7 S: -20.5     I: -19.4 LUFS       LRA:   1.5 LU  FTPK: -13.6 -10.9 dBFS  TPK:  -9.9  -9.4 dBFS
[Parsed_ebur128_0 @ 0x130705500] t: 13.699979  TARGET:-23 LUFS    M: -20.2 S: -20.6     I: -19.4 LUFS       LRA:   1.6 LU  FTPK: -13.5 -12.9 dBFS  TPK:  -9.9  -9.4 dBFS
[Parsed_ebur128_0 @ 0x130705500] t: 13.799979  TARGET:-23 LUFS    M: -19.3 S: -20.4     I: -19.4 LUFS       LRA:   1.6 LU  FTPK: -10.5 -10.8 dBFS  TPK:  -9.9  -9.4 dBFS
[Parsed_ebur128_0 @ 0x130705500] t: 13.899979  TARGET:-23 LUFS    M: -19.0 S: -20.4     I: -19.4 LUFS       LRA:   1.6 LU  FTPK: -11.6 -12.5 dBFS  TPK:  -9.9  -9.4 dBFS
[Parsed_ebur128_0 @ 0x130705500] t: 13.999979  TARGET:-23 LUFS    M: -19.4 S: -20.4     I: -19.4 LUFS       LRA:   1.6 LU  FTPK: -13.2 -12.4 dBFS  TPK:  -9.9  -9.4 dBFS
[Parsed_ebur128_0 @ 0x130705500] t: 14.099979  TARGET:-23 LUFS    M: -19.2 S: -20.4     I: -19.4 LUFS       LRA:   1.6 LU  FTPK: -13.8 -13.6 dBFS  TPK:  -9.9  -9.4 dBFS
[Parsed_ebur128_0 @ 0x130705500] t: 14.199979  TARGET:-23 LUFS    M: -20.1 S: -20.3     I: -19.4 LUFS       LRA:   1.6 LU  FTPK: -11.8 -11.2 dBFS  TPK:  -9.9  -9.4 dBFS
[Parsed_ebur128_0 @ 0x130705500] t: 14.299979  TARGET:-23 LUFS    M: -20.0 S: -20.3     I: -19.4 LUFS       LRA:   1.6 LU  FTPK: -12.5 -11.8 dBFS  TPK:  -9.9  -9.4 dBFS
[Parsed_ebur128_0 @ 0x130705500] t: 14.399979  TARGET:-23 LUFS    M: -20.2 S: -20.3     I: -19.4 LUFS       LRA:   1.6 LU  FTPK: -13.8 -13.8 dBFS  TPK:  -9.9  -9.4 dBFS
[Parsed_ebur128_0 @ 0x130705500] t: 14.499979  TARGET:-23 LUFS    M: -19.4 S: -20.1     I: -19.4 LUFS       LRA:   1.6 LU  FTPK: -10.3 -11.2 dBFS  TPK:  -9.9  -9.4 dBFS
[Parsed_ebur128_0 @ 0x130705500] t: 14.599979  TARGET:-23 LUFS    M: -19.8 S: -20.1     I: -19.4 LUFS       LRA:   1.6 LU  FTPK: -12.2 -13.1 dBFS  TPK:  -9.9  -9.4 dBFS
[Parsed_ebur128_0 @ 0x130705500] t: 14.699979  TARGET:-23 LUFS    M: -19.2 S: -20.0     I: -19.4 LUFS       LRA:   1.6 LU  FTPK: -10.5 -10.4 dBFS  TPK:  -9.9  -9.4 dBFS
[Parsed_ebur128_0 @ 0x130705500] t: 14.799979  TARGET:-23 LUFS    M: -19.8 S: -20.2     I: -19.4 LUFS       LRA:   1.6 LU  FTPK: -19.6 -18.3 dBFS  TPK:  -9.9  -9.4 dBFS
[Parsed_ebur128_0 @ 0x130705500] t: 14.899979  TARGET:-23 LUFS    M: -21.5 S: -20.2     I: -19.5 LUFS       LRA:   1.6 LU  FTPK: -22.0 -13.9 dBFS  TPK:  -9.9  -9.4 dBFS
[Parsed_ebur128_0 @ 0x130705500] t: 14.999979  TARGET:-23 LUFS    M: -21.3 S: -20.3     I: -19.5 LUFS       LRA:   1.6 LU  FTPK: -20.4 -14.1 dBFS  TPK:  -9.9  -9.4 dBFS
[Parsed_ebur128_0 @ 0x130705500] t: 15.099979  TARGET:-23 LUFS    M: -23.7 S: -20.3     I: -19.5 LUFS       LRA:   1.6 LU  FTPK: -12.7 -11.1 dBFS  TPK:  -9.9  -9.4 dBFS
[Parsed_ebur128_0 @ 0x130705500] t: 15.199979  TARGET:-23 LUFS    M: -20.8 S: -20.0     I: -19.5 LUFS       LRA:   1.6 LU  FTPK: -10.6 -10.7 dBFS  TPK:  -9.9  -9.4 dBFS
[Parsed_ebur128_0 @ 0x130705500] t: 15.299979  TARGET:-23 LUFS    M: -20.7 S: -20.1     I: -19.5 LUFS       LRA:   1.6 LU  FTPK: -12.2 -13.3 dBFS  TPK:  -9.9  -9.4 dBFS
[Parsed_ebur128_0 @ 0x130705500] t: 15.399979  TARGET:-23 LUFS    M: -19.6 S: -20.1     I: -19.5 LUFS       LRA:   1.6 LU  FTPK: -10.2 -11.2 dBFS  TPK:  -9.9  -9.4 dBFS
[Parsed_ebur128_0 @ 0x130705500] t: 15.499979  TARGET:-23 LUFS    M: -18.8 S: -19.9     I: -19.5 LUFS       LRA:   1.6 LU  FTPK: -10.3 -11.9 dBFS  TPK:  -9.9  -9.4 dBFS
[Parsed_ebur128_0 @ 0x130705500] t: 15.599979  TARGET:-23 LUFS    M: -19.7 S: -19.9     I: -19.5 LUFS       LRA:   1.6 LU  FTPK: -11.1 -11.4 dBFS  TPK:  -9.9  -9.4 dBFS
[Parsed_ebur128_0 @ 0x130705500] t: 15.699979  TARGET:-23 LUFS    M: -18.8 S: -19.8     I: -19.5 LUFS       LRA:   1.6 LU  FTPK: -11.7 -11.1 dBFS  TPK:  -9.9  -9.4 dBFS
[Parsed_ebur128_0 @ 0x130705500] t: 15.799979  TARGET:-23 LUFS    M: -19.2 S: -19.7     I: -19.5 LUFS       LRA:   1.6 LU  FTPK: -12.9 -11.6 dBFS  TPK:  -9.9  -9.4 dBFS
[Parsed_ebur128_0 @ 0x130705500] t: 15.899979  TARGET:-23 LUFS    M: -19.3 S: -19.8     I: -19.5 LUFS       LRA:   1.6 LU  FTPK: -13.1 -12.5 dBFS  TPK:  -9.9  -9.4 dBFS
[Parsed_ebur128_0 @ 0x130705500] t: 15.999979  TARGET:-23 LUFS    M: -19.3 S: -19.9     I: -19.5 LUFS       LRA:   1.6 LU  FTPK: -13.0 -11.8 dBFS  TPK:  -9.9  -9.4 dBFS
[Parsed_ebur128_0 @ 0x130705500] t: 16.099979  TARGET:-23 LUFS    M: -18.8 S: -19.7     I: -19.5 LUFS       LRA:   1.6 LU  FTPK: -10.3 -10.6 dBFS  TPK:  -9.9  -9.4 dBFS
[Parsed_ebur128_0 @ 0x130705500] t: 16.199979  TARGET:-23 LUFS    M: -19.6 S: -19.8     I: -19.5 LUFS       LRA:   1.6 LU  FTPK: -16.1 -16.0 dBFS  TPK:  -9.9  -9.4 dBFS
[Parsed_ebur128_0 @ 0x130705500] t: 16.299979  TARGET:-23 LUFS    M: -19.5 S: -19.8     I: -19.5 LUFS       LRA:   1.6 LU  FTPK: -11.7 -11.3 dBFS  TPK:  -9.9  -9.4 dBFS
[Parsed_ebur128_0 @ 0x130705500] t: 16.399979  TARGET:-23 LUFS    M: -18.6 S: -19.7     I: -19.5 LUFS       LRA:   1.6 LU  FTPK: -10.8 -11.1 dBFS  TPK:  -9.9  -9.4 dBFS
[Parsed_ebur128_0 @ 0x130705500] t: 16.499979  TARGET:-23 LUFS    M: -19.5 S: -19.6     I: -19.5 LUFS       LRA:   1.6 LU  FTPK: -10.7 -10.9 dBFS  TPK:  -9.9  -9.4 dBFS
[Parsed_ebur128_0 @ 0x130705500] t: 16.599979  TARGET:-23 LUFS    M: -18.4 S: -19.6     I: -19.5 LUFS       LRA:   1.6 LU  FTPK: -10.5 -10.3 dBFS  TPK:  -9.9  -9.4 dBFS
[Parsed_ebur128_0 @ 0x130705500] t: 16.699979  TARGET:-23 LUFS    M: -18.4 S: -19.5     I: -19.5 LUFS       LRA:   1.6 LU  FTPK: -12.4 -11.7 dBFS  TPK:  -9.9  -9.4 dBFS
[Parsed_ebur128_0 @ 0x130705500] t: 16.799979  TARGET:-23 LUFS    M: -19.1 S: -19.6     I: -19.5 LUFS       LRA:   1.6 LU  FTPK: -11.3 -11.9 dBFS  TPK:  -9.9  -9.4 dBFS
[Parsed_ebur128_0 @ 0x130705500] t: 16.899979  TARGET:-23 LUFS    M: -19.1 S: -19.6     I: -19.5 LUFS       LRA:   1.6 LU  FTPK: -11.8 -12.0 dBFS  TPK:  -9.9  -9.4 dBFS
[Parsed_ebur128_0 @ 0x130705500] t: 16.999979  TARGET:-23 LUFS    M: -18.9 S: -19.5     I: -19.5 LUFS       LRA:   1.6 LU  FTPK: -10.6 -10.6 dBFS  TPK:  -9.9  -9.4 dBFS
[Parsed_ebur128_0 @ 0x130705500] t: 17.099979  TARGET:-23 LUFS    M: -19.5 S: -19.6     I: -19.5 LUFS       LRA:   1.6 LU  FTPK: -12.5 -13.7 dBFS  TPK:  -9.9  -9.4 dBFS
[Parsed_ebur128_0 @ 0x130705500] t: 17.199979  TARGET:-23 LUFS    M: -19.6 S: -19.6     I: -19.5 LUFS       LRA:   1.6 LU  FTPK: -12.2 -11.1 dBFS  TPK:  -9.9  -9.4 dBFS
[Parsed_ebur128_0 @ 0x130705500] t: 17.299979  TARGET:-23 LUFS    M: -19.2 S: -19.5     I: -19.5 LUFS       LRA:   1.6 LU  FTPK: -11.8 -10.8 dBFS  TPK:  -9.9  -9.4 dBFS
[Parsed_ebur128_0 @ 0x130705500] t: 17.399979  TARGET:-23 LUFS    M: -20.1 S: -19.5     I: -19.5 LUFS       LRA:   1.6 LU  FTPK: -12.2 -11.4 dBFS  TPK:  -9.9  -9.4 dBFS
[Parsed_ebur128_0 @ 0x130705500] t: 17.499979  TARGET:-23 LUFS    M: -18.3 S: -19.4     I: -19.5 LUFS       LRA:   1.6 LU  FTPK: -10.5 -10.4 dBFS  TPK:  -9.9  -9.4 dBFS
[Parsed_ebur128_0 @ 0x130705500] t: 17.599979  TARGET:-23 LUFS    M: -18.4 S: -19.4     I: -19.4 LUFS       LRA:   1.6 LU  FTPK: -14.5 -12.4 dBFS  TPK:  -9.9  -9.4 dBFS
[Parsed_ebur128_0 @ 0x130705500] t: 17.699979  TARGET:-23 LUFS    M: -18.7 S: -19.4     I: -19.4 LUFS       LRA:   1.6 LU  FTPK: -13.9 -11.6 dBFS  TPK:  -9.9  -9.4 dBFS
[Parsed_ebur128_0 @ 0x130705500] t: 17.799979  TARGET:-23 LUFS    M: -18.6 S: -19.3     I: -19.4 LUFS       LRA:   1.6 LU  FTPK: -12.4 -11.1 dBFS  TPK:  -9.9  -9.4 dBFS
[Parsed_ebur128_0 @ 0x130705500] t: 17.899979  TARGET:-23 LUFS    M: -19.9 S: -19.2     I: -19.4 LUFS       LRA:   1.6 LU  FTPK: -11.9 -11.8 dBFS  TPK:  -9.9  -9.4 dBFS
[Parsed_ebur128_0 @ 0x130705500] t: 17.999979  TARGET:-23 LUFS    M: -19.7 S: -19.2     I: -19.4 LUFS       LRA:   1.6 LU  FTPK: -13.8 -13.4 dBFS  TPK:  -9.9  -9.4 dBFS
[Parsed_ebur128_0 @ 0x130705500] t: 18.099979  TARGET:-23 LUFS    M: -19.7 S: -19.1     I: -19.4 LUFS       LRA:   1.6 LU  FTPK: -13.8 -12.6 dBFS  TPK:  -9.9  -9.4 dBFS
[Parsed_ebur128_0 @ 0x130705500] t: 18.199979  TARGET:-23 LUFS    M: -20.0 S: -19.2     I: -19.4 LUFS       LRA:   1.6 LU  FTPK: -13.5 -12.7 dBFS  TPK:  -9.9  -9.4 dBFS
[Parsed_ebur128_0 @ 0x130705500] t: 18.299979  TARGET:-23 LUFS    M: -20.2 S: -19.2     I: -19.4 LUFS       LRA:   1.6 LU  FTPK: -12.4 -12.9 dBFS  TPK:  -9.9  -9.4 dBFS
[Parsed_ebur128_0 @ 0x130705500] t: 18.399979  TARGET:-23 LUFS    M: -19.4 S: -19.2     I: -19.4 LUFS       LRA:   1.5 LU  FTPK: -10.7 -10.6 dBFS  TPK:  -9.9  -9.4 dBFS
[Parsed_ebur128_0 @ 0x130705500] t: 18.499979  TARGET:-23 LUFS    M: -20.3 S: -19.3     I: -19.4 LUFS       LRA:   1.5 LU  FTPK: -19.9 -21.2 dBFS  TPK:  -9.9  -9.4 dBFS
[Parsed_ebur128_0 @ 0x130705500] t: 18.599979  TARGET:-23 LUFS    M: -21.2 S: -19.4     I: -19.5 LUFS       LRA:   1.5 LU  FTPK: -21.8 -22.0 dBFS  TPK:  -9.9  -9.4 dBFS
[Parsed_ebur128_0 @ 0x130705500] t: 18.699979  TARGET:-23 LUFS    M: -22.4 S: -19.6     I: -19.5 LUFS       LRA:   1.5 LU  FTPK: -15.2 -16.3 dBFS  TPK:  -9.9  -9.4 dBFS
[Parsed_ebur128_0 @ 0x130705500] t: 18.799979  TARGET:-23 LUFS    M: -23.8 S: -19.6     I: -19.5 LUFS       LRA:   1.5 LU  FTPK: -10.5 -10.7 dBFS  TPK:  -9.9  -9.4 dBFS
[Parsed_ebur128_0 @ 0x130705500] t: 18.899979  TARGET:-23 LUFS    M: -20.9 S: -19.5     I: -19.5 LUFS       LRA:   1.5 LU  FTPK: -10.7 -11.3 dBFS  TPK:  -9.9  -9.4 dBFS
[Parsed_ebur128_0 @ 0x130705500] t: 18.999979  TARGET:-23 LUFS    M: -20.5 S: -19.5     I: -19.5 LUFS       LRA:   1.5 LU  FTPK: -13.3 -14.7 dBFS  TPK:  -9.9  -9.4 dBFS
[Parsed_ebur128_0 @ 0x130705500] t: 19.099979  TARGET:-23 LUFS    M: -19.3 S: -19.6     I: -19.5 LUFS       LRA:   1.5 LU  FTPK: -12.8 -10.5 dBFS  TPK:  -9.9  -9.4 dBFS
[Parsed_ebur128_0 @ 0x130705500] t: 19.199979  TARGET:-23 LUFS    M: -19.0 S: -19.5     I: -19.5 LUFS       LRA:   1.5 LU  FTPK: -13.3 -11.4 dBFS  TPK:  -9.9  -9.4 dBFS
[Parsed_ebur128_0 @ 0x130705500] t: 19.299979  TARGET:-23 LUFS    M: -19.5 S: -19.5     I: -19.5 LUFS       LRA:   1.5 LU  FTPK: -11.5 -10.8 dBFS  TPK:  -9.9  -9.4 dBFS
[Parsed_ebur128_0 @ 0x130705500] t: 19.399979  TARGET:-23 LUFS    M: -18.6 S: -19.5     I: -19.5 LUFS       LRA:   1.5 LU  FTPK: -11.5 -10.8 dBFS  TPK:  -9.9  -9.4 dBFS
[Parsed_ebur128_0 @ 0x130705500] t: 19.499979  TARGET:-23 LUFS    M: -18.6 S: -19.5     I: -19.5 LUFS       LRA:   1.5 LU  FTPK: -11.8 -11.6 dBFS  TPK:  -9.9  -9.4 dBFS
[Parsed_ebur128_0 @ 0x130705500] t: 19.599979  TARGET:-23 LUFS    M: -18.2 S: -19.4     I: -19.5 LUFS       LRA:   1.5 LU  FTPK: -10.9 -11.5 dBFS  TPK:  -9.9  -9.4 dBFS
[Parsed_ebur128_0 @ 0x130705500] t: 19.699979  TARGET:-23 LUFS    M: -18.8 S: -19.5     I: -19.5 LUFS       LRA:   1.5 LU  FTPK: -13.5 -14.9 dBFS  TPK:  -9.9  -9.4 dBFS
[Parsed_ebur128_0 @ 0x130705500] t: 19.799979  TARGET:-23 LUFS    M: -18.8 S: -19.5     I: -19.5 LUFS       LRA:   1.5 LU  FTPK: -11.0 -10.9 dBFS  TPK:  -9.9  -9.4 dBFS
[Parsed_ebur128_0 @ 0x130705500] t: 19.899979  TARGET:-23 LUFS    M: -19.2 S: -19.5     I: -19.5 LUFS       LRA:   1.5 LU  FTPK: -17.9 -14.6 dBFS  TPK:  -9.9  -9.4 dBFS
[Parsed_ebur128_0 @ 0x130705500] t: 19.999979  TARGET:-23 LUFS    M: -20.8 S: -19.7     I: -19.5 LUFS       LRA:   1.5 LU  FTPK: -13.9 -12.1 dBFS  TPK:  -9.9  -9.4 dBFS
[Parsed_ebur128_0 @ 0x130705500] t: 20.099979  TARGET:-23 LUFS    M: -20.4 S: -19.7     I: -19.5 LUFS       LRA:   1.5 LU  FTPK: -15.8 -13.1 dBFS  TPK:  -9.9  -9.4 dBFS
[Parsed_ebur128_0 @ 0x130705500] t: 20.199979  TARGET:-23 LUFS    M: -20.2 S: -19.6     I: -19.5 LUFS       LRA:   1.5 LU  FTPK: -10.7 -10.4 dBFS  TPK:  -9.9  -9.4 dBFS
[Parsed_ebur128_0 @ 0x130705500] t: 20.299979  TARGET:-23 LUFS    M: -19.5 S: -19.5     I: -19.5 LUFS       LRA:   1.5 LU  FTPK: -11.1 -10.4 dBFS  TPK:  -9.9  -9.4 dBFS
[Parsed_ebur128_0 @ 0x130705500] t: 20.399979  TARGET:-23 LUFS    M: -19.2 S: -19.6     I: -19.5 LUFS       LRA:   1.5 LU  FTPK: -14.7 -13.8 dBFS  TPK:  -9.9  -9.4 dBFS
[Parsed_ebur128_0 @ 0x130705500] t: 20.499979  TARGET:-23 LUFS    M: -19.4 S: -19.8     I: -19.5 LUFS       LRA:   1.5 LU  FTPK: -15.1 -15.3 dBFS  TPK:  -9.9  -9.4 dBFS
[Parsed_ebur128_0 @ 0x130705500] t: 20.599979  TARGET:-23 LUFS    M: -20.5 S: -19.9     I: -19.5 LUFS       LRA:   1.5 LU  FTPK: -14.0 -13.4 dBFS  TPK:  -9.9  -9.4 dBFS
[Parsed_ebur128_0 @ 0x130705500] t: 20.699979  TARGET:-23 LUFS    M: -20.6 S: -19.8     I: -19.5 LUFS       LRA:   1.5 LU  FTPK: -11.9 -10.6 dBFS  TPK:  -9.9  -9.4 dBFS
[Parsed_ebur128_0 @ 0x130705500] t: 20.799979  TARGET:-23 LUFS    M: -20.4 S: -19.8     I: -19.5 LUFS       LRA:   1.5 LU  FTPK: -13.5 -11.3 dBFS  TPK:  -9.9  -9.4 dBFS
[Parsed_ebur128_0 @ 0x130705500] t: 20.899979  TARGET:-23 LUFS    M: -20.1 S: -19.9     I: -19.5 LUFS       LRA:   1.5 LU  FTPK: -14.8 -13.6 dBFS  TPK:  -9.9  -9.4 dBFS
[Parsed_ebur128_0 @ 0x130705500] t: 20.999979  TARGET:-23 LUFS    M: -20.0 S: -19.9     I: -19.5 LUFS       LRA:   1.5 LU  FTPK: -14.7 -14.5 dBFS  TPK:  -9.9  -9.4 dBFS
[Parsed_ebur128_0 @ 0x130705500] t: 21.099979  TARGET:-23 LUFS    M: -21.0 S: -20.0     I: -19.5 LUFS       LRA:   1.5 LU  FTPK: -14.6 -13.3 dBFS  TPK:  -9.9  -9.4 dBFS
[Parsed_ebur128_0 @ 0x130705500] t: 21.199979  TARGET:-23 LUFS    M: -19.6 S: -19.8     I: -19.5 LUFS       LRA:   1.5 LU  FTPK: -10.4 -10.7 dBFS  TPK:  -9.9  -9.4 dBFS
[Parsed_ebur128_0 @ 0x130705500] t: 21.299979  TARGET:-23 LUFS    M: -19.8 S: -19.8     I: -19.5 LUFS       LRA:   1.5 LU  FTPK: -15.7 -13.6 dBFS  TPK:  -9.9  -9.4 dBFS
[Parsed_ebur128_0 @ 0x130705500] t: 21.399979  TARGET:-23 LUFS    M: -20.0 S: -20.0     I: -19.5 LUFS       LRA:   1.5 LU  FTPK: -13.4 -12.9 dBFS  TPK:  -9.9  -9.4 dBFS
[Parsed_ebur128_0 @ 0x130705500] t: 21.499979  TARGET:-23 LUFS    M: -19.6 S: -19.9     I: -19.5 LUFS       LRA:   1.5 LU  FTPK: -13.5 -12.9 dBFS  TPK:  -9.9  -9.4 dBFS
[Parsed_ebur128_0 @ 0x130705500] t: 21.599979  TARGET:-23 LUFS    M: -20.5 S: -19.7     I: -19.5 LUFS       LRA:   1.5 LU  FTPK: -13.0 -10.2 dBFS  TPK:  -9.9  -9.4 dBFS
[Parsed_ebur128_0 @ 0x130705500] t: 21.699979  TARGET:-23 LUFS    M: -20.0 S: -19.6     I: -19.5 LUFS       LRA:   1.5 LU  FTPK: -13.5 -11.2 dBFS  TPK:  -9.9  -9.4 dBFS
[Parsed_ebur128_0 @ 0x130705500] t: 21.799979  TARGET:-23 LUFS    M: -19.7 S: -19.6     I: -19.5 LUFS       LRA:   1.5 LU  FTPK: -12.9 -12.7 dBFS  TPK:  -9.9  -9.4 dBFS
[Parsed_ebur128_0 @ 0x130705500] Summary:

  Integrated loudness:
    I:         -19.5 LUFS
    Threshold: -29.5 LUFS

  Loudness range:
    LRA:         1.5 LU
    Threshold: -39.5 LUFS
    LRA low:   -20.3 LUFS
    LRA high:  -18.8 LUFS

  True peak:
    Peak:       -9.4 dBFS
[out#0/null @ 0x1306153a0] video:0KiB audio:4096KiB subtitle:0KiB other streams:0KiB global headers:0KiB muxing overhead: unknown
size=N/A time=00:00:21.84 bitrate=N/A speed= 279x elapsed=0:00:00.07    
