Input #0, mov,mp4,m4a,3gp,3g2,mj2, from '/Users/quyth/development/three/POC/output/wf311613-standalone-murphy-bed/final/wf311613-final-micro-pass-review-720p.mp4':
  Metadata:
    major_brand     : isom
    minor_version   : 512
    compatible_brands: isomiso2avc1mp41
    encoder         : Lavf62.12.102
  Duration: 00:08:44.07, start: 0.000000, bitrate: 461 kb/s
  Stream #0:0[0x1](und): Video: h264 (High) (avc1 / 0x31637661), yuv420p(progressive), 1280x720, 458 kb/s, 30 fps, 30 tbr, 15360 tbn (default)
    Metadata:
      handler_name    : VideoHandler
      encoder         : Lavc62.28.102 libx264
Stream mapping:
  Stream #0:0 -> #0:0 (h264 (native) -> wrapped_avframe (native))
Output #0, null, to 'pipe:':
  Metadata:
    major_brand     : isom
    minor_version   : 512
    compatible_brands: isomiso2avc1mp41
    encoder         : Lavf62.12.102
  Stream #0:0(und): Video: wrapped_avframe, yuv420p(progressive), 1280x720, q=2-31, 200 kb/s, 30 fps, 30 tbn (default)
    Metadata:
      encoder         : Lavc62.28.102 wrapped_avframe
      handler_name    : VideoHandler
frame= 2097 fps=0.0 q=-0.0 size=N/A time=00:01:09.90 bitrate=N/A speed= 137x elapsed=0:00:00.51    frame= 4173 fps=4091 q=-0.0 size=N/A time=00:02:19.10 bitrate=N/A speed= 136x elapsed=0:00:01.02    frame= 6009 fps=3927 q=-0.0 size=N/A time=00:03:20.30 bitrate=N/A speed= 131x elapsed=0:00:01.53    frame= 8027 fps=3944 q=-0.0 size=N/A time=00:04:27.56 bitrate=N/A speed= 131x elapsed=0:00:02.03    frame= 9948 fps=3908 q=-0.0 size=N/A time=00:05:31.60 bitrate=N/A speed= 130x elapsed=0:00:02.54    frame=12437 fps=4083 q=-0.0 size=N/A time=00:06:54.56 bitrate=N/A speed= 136x elapsed=0:00:03.04    frame=15036 fps=4238 q=-0.0 size=N/A time=00:08:21.20 bitrate=N/A speed= 141x elapsed=0:00:03.54    [out#0/null @ 0x140905280] video:6510KiB audio:0KiB subtitle:0KiB other streams:0KiB global headers:0KiB muxing overhead: unknown
frame=15722 fps=4270 q=-0.0 Lsize=N/A time=00:08:44.06 bitrate=N/A speed= 142x elapsed=0:00:03.68    
