(node:53997) [THREE_CJS_DEPRECATED] DeprecationWarning: `require("three")` is deprecated and will be removed.
Replace `const THREE = require("three")` with `import * as THREE from "three"`.
(Use `node --trace-deprecation ...` to show where the warning was created)
[browser:warning] THREE.Clock: This module has been deprecated. Please use THREE.Timer instead.
Render diagnostics: {
  api: false,
  debug: {
    engineReady: false,
    cameraReady: true,
    registrySize: 911,
    productReadyVersion: 0
  },
  canvas: true,
  text: 'Building deterministic scene…'
}
[browser:error] Failed to load resource: the server responded with a status of 404 (Not Found)
Captured 0s / 525sCaptured 1s / 525sCaptured 2s / 525sCaptured 3s / 525sCaptured 4s / 525s
Encoding MP4…
ffmpeg version 8.1.2 Copyright (c) 2000-2026 the FFmpeg developers
  built with Apple clang version 17.0.0 (clang-1700.6.4.2)
  configuration: --prefix=/opt/homebrew/Cellar/ffmpeg/8.1.2_1 --enable-shared --enable-pthreads --enable-version3 --cc=clang --host-cflags= --host-ldflags= --enable-ffplay --enable-gpl --enable-libsvtav1 --enable-libopus --enable-libx264 --enable-libmp3lame --enable-libdav1d --enable-libvmaf --enable-libvpx --enable-libx265 --enable-openssl --enable-videotoolbox --enable-audiotoolbox --enable-neon
  libavutil      60. 26.102 / 60. 26.102
  libavcodec     62. 28.102 / 62. 28.102
  libavformat    62. 12.102 / 62. 12.102
  libavdevice    62.  3.102 / 62.  3.102
  libavfilter    11. 14.102 / 11. 14.102
  libswscale      9.  5.102 /  9.  5.102
  libswresample   6.  3.102 /  6.  3.102
Input #0, image2, from '/Users/quyth/development/three/POC/output/wf311613-standalone-murphy-bed/frames/wf311613-final-micro-pass-Shtv30/frame-%06d.png':
  Duration: 00:00:05.00, start: 0.000000, bitrate: N/A
  Stream #0:0: Video: png, rgb24(pc, gbr/unknown/unknown), 1280x720, 30 fps, 30 tbr, 30 tbn
Stream mapping:
  Stream #0:0 -> #0:0 (png (native) -> h264 (libx264))
Press [q] to stop, [?] for help
[libx264 @ 0x1289053b0] using cpu capabilities: ARMv8 NEON DotProd I8MM
[libx264 @ 0x1289053b0] profile High, level 3.1, 4:2:0, 8-bit
[libx264 @ 0x1289053b0] 264 - core 165 r3222 b35605a - H.264/MPEG-4 AVC codec - Copyleft 2003-2025 - http://www.videolan.org/x264.html - options: cabac=1 ref=3 deblock=1:0:0 analyse=0x3:0x113 me=hex subme=7 psy=1 psy_rd=1.00:0.00 mixed_ref=1 me_range=16 chroma_me=1 trellis=1 8x8dct=1 cqm=0 deadzone=21,11 fast_pskip=1 chroma_qp_offset=-2 threads=16 lookahead_threads=2 sliced_threads=0 nr=0 decimate=1 interlaced=0 bluray_compat=0 constrained_intra=0 bframes=3 b_pyramid=2 b_adapt=1 b_bias=0 direct=1 weightb=1 open_gop=0 weightp=2 keyint=250 keyint_min=25 scenecut=40 intra_refresh=0 rc_lookahead=40 rc=crf mbtree=1 crf=23.0 qcomp=0.60 qpmin=0 qpmax=69 qpstep=4 ip_ratio=1.40 aq=1:1.00
Output #0, mp4, to '/Users/quyth/development/three/POC/output/wf311613-standalone-murphy-bed/reviews/final-micro-pass/wf311613-intro-qa-5s.mp4':
  Metadata:
    encoder         : Lavf62.12.102
  Stream #0:0: Video: h264 (avc1 / 0x31637661), yuv420p(tv, progressive), 1280x720, q=2-31, 30 fps, 15360 tbn
    Metadata:
      encoder         : Lavc62.28.102 libx264
    Side data:
      CPB properties: bitrate max/min/avg: 0/0/0 buffer size: 0 vbv_delay: N/A
frame=  129 fps=0.0 q=29.0 size=     256KiB time=00:00:04.23 bitrate= 495.5kbits/s speed=8.44x elapsed=0:00:00.50    [mp4 @ 0x1289042f0] Starting second pass: moving the moov atom to the beginning of the file
[out#0/mp4 @ 0x117e04270] video:467KiB audio:0KiB subtitle:0KiB other streams:0KiB global headers:0KiB muxing overhead: 0.555824%
frame=  150 fps=0.0 q=-1.0 Lsize=     470KiB time=00:00:04.93 bitrate= 780.4kbits/s speed=9.42x elapsed=0:00:00.52    
[libx264 @ 0x1289053b0] frame I:3     Avg QP:14.29  size: 49341
[libx264 @ 0x1289053b0] frame P:38    Avg QP:19.02  size:  5059
[libx264 @ 0x1289053b0] frame B:109   Avg QP:20.75  size:  1263
[libx264 @ 0x1289053b0] consecutive B-frames:  2.7%  1.3%  0.0% 96.0%
[libx264 @ 0x1289053b0] mb I  I16..4: 16.8% 45.6% 37.5%
[libx264 @ 0x1289053b0] mb P  I16..4:  0.1%  0.4%  0.4%  P16..4:  7.1%  3.7%  2.1%  0.0%  0.0%    skip:86.3%
[libx264 @ 0x1289053b0] mb B  I16..4:  0.0%  0.0%  0.0%  B16..8:  8.3%  1.5%  0.3%  direct: 0.4%  skip:89.5%  L0:45.8% L1:49.7% BI: 4.5%
[libx264 @ 0x1289053b0] 8x8 transform intra:44.8% inter:64.5%
[libx264 @ 0x1289053b0] coded y,uvDC,uvAC intra: 53.5% 26.2% 17.2% inter: 2.9% 0.7% 0.0%
[libx264 @ 0x1289053b0] i16 v,h,dc,p: 77% 12% 10%  1%
[libx264 @ 0x1289053b0] i8 v,h,dc,ddl,ddr,vr,hd,vl,hu: 31% 28% 29%  1%  2%  1%  7%  1%  1%
[libx264 @ 0x1289053b0] i4 v,h,dc,ddl,ddr,vr,hd,vl,hu: 36% 38%  9%  1%  3%  1%  9%  1%  2%
[libx264 @ 0x1289053b0] i8c dc,h,v,p: 73% 13% 13%  1%
[libx264 @ 0x1289053b0] Weighted P-Frames: Y:0.0% UV:0.0%
[libx264 @ 0x1289053b0] ref P L0: 52.7% 10.9% 23.1% 13.3%
[libx264 @ 0x1289053b0] ref B L0: 69.2% 23.5%  7.2%
[libx264 @ 0x1289053b0] ref B L1: 86.8% 13.2%
[libx264 @ 0x1289053b0] kb/s:764.61
Video written to /Users/quyth/development/three/POC/output/wf311613-standalone-murphy-bed/reviews/final-micro-pass/wf311613-intro-qa-5s.mp4
