joint-left-early-panel-top 33.143390000000004
joint-A1-early-cams 33.143390000000004
joint-A3-early-cams 33.143390000000004
joint-right-early-panel-top 49.56768277777778
joint-A2-early-cams 49.56768277777778
joint-A4-early-cams 49.56768277777778
joint-B8-4-left 198.8136938888889
joint-B8-5-left 198.8136938888889
joint-B8-6-left 198.8136938888889
joint-bearing-left 365.1836938888889
joint-pivot25-left 389.1836938888889
joint-mechanism26-left 398.4836938888889
joint-piston27-left 408.78369388888893
joint-piston-open-left 516.8
joint-leg29-left 460.6836938888889
joint-leg-open-left 516.8
joint-wall-left-0 503.2336938888889
joint-wall-left-1 503.2336938888889
joint-side-left-outer 503.2336938888889
joint-side-left-inner 516.8
joint-B8-4-right 198.8136938888889
joint-B8-5-right 198.8136938888889
joint-B8-6-right 198.8136938888889
joint-bearing-right 372.28369388888893
joint-pivot25-right 389.1836938888889
joint-mechanism26-right 398.4836938888889
joint-piston27-right 408.78369388888893
joint-piston-open-right 516.8
joint-leg29-right 460.6836938888889
joint-leg-open-right 516.8
joint-wall-right-0 503.2336938888889
joint-wall-right-1 503.2336938888889
joint-side-right-outer 503.2336938888889
joint-side-right-inner 516.8
joint-grid-top 290.0236938888889
joint-carrier-top 332.8336938888889
joint-ties-top 316.5736938888889
