step-01 33.143390000000004
step-02 49.56768277777778
step-03 71.15369388888891
step-04 84.7036938888889
step-05 98.2536938888889
step-06 118.0036938888889
step-07 135.5336938888889
step-08 154.7136938888889
step-09 170.8436938888889
step-10 198.8136938888889
step-11 206.4136938888889
step-12 218.4336938888889
step-13 226.4436938888889
step-14 238.4636938888889
step-15 252.2136938888889
step-16 266.8636938888889
step-17 290.0236938888889
step-18 304.2636938888889
step-19 316.5736938888889
step-20 332.8336938888889
step-21 344.9336938888889
step-22 353.53369388888893
step-23 365.1836938888889
step-24 372.28369388888893
step-25 389.1836938888889
step-26 398.4836938888889
step-27 408.78369388888893
step-28 437.58369388888894
step-29 460.6836938888889
step-30 477.1336938888889
step-31 503.2336938888889
closed-front 509.5
closed-front-left 509.5
closed-front-right 509.5
closed-left 509.5
closed-right 509.5
closed-upper 509.5
closed-lower 509.5
closed-interior 509.5
open-front 516.8
open-front-left 516.8
open-front-right 516.8
open-left 516.8
open-right 516.8
open-upper 516.8
open-lower 516.8
open-interior 516.8
detail-early-cams-front 49.56768277777778
detail-early-cams-reverse 49.56768277777778
detail-early-mirror-front 71.15369388888891
detail-early-mirror-reverse 71.15369388888891
detail-B8-B7-front 198.8136938888889
detail-B8-B7-reverse 198.8136938888889
detail-cabinet-upper-front 198.8136938888889
detail-cabinet-upper-reverse 198.8136938888889
detail-bed-face-grid-front 290.0236938888889
detail-bed-face-grid-reverse 290.0236938888889
detail-carrier-front 332.8336938888889
detail-carrier-reverse 332.8336938888889
detail-pivots-front 389.1836938888889
detail-pivots-reverse 389.1836938888889
detail-mechanism-front 398.4836938888889
detail-mechanism-reverse 398.4836938888889
detail-pistons-front 408.78369388888893
detail-pistons-reverse 408.78369388888893
detail-legs-front 460.6836938888889
detail-legs-reverse 460.6836938888889
detail-wall-left-front 477.1336938888889
detail-wall-left-reverse 477.1336938888889
detail-wall-right-front 503.2336938888889
detail-wall-right-reverse 503.2336938888889
