Input #0, mov,mp4,m4a,3gp,3g2,mj2, from '/Users/quyth/development/three/POC/output/wf311613-standalone-murphy-bed/short/short02-music-pass01/WF311613-short02-music-review-pass01-vertical-1080p.mp4':
  Metadata:
    major_brand     : isom
    minor_version   : 512
    compatible_brands: isomiso2avc1mp41
    encoder         : Lavf62.12.102
  Duration: 00:00:58.00, start: 0.000000, bitrate: 994 kb/s
  Stream #0:0[0x1](und): Video: h264 (High) (avc1 / 0x31637661), yuv420p(progressive), 1080x1920, 729 kb/s, 30 fps, 30 tbr, 15360 tbn (default)
    Metadata:
      handler_name    : VideoHandler
  Stream #0:1[0x2](und): Audio: aac (LC) (mp4a / 0x6134706D), 48000 Hz, stereo, fltp, 256 kb/s (default)
    Metadata:
      handler_name    : SoundHandler
Input #1, wav, from '/Users/quyth/development/three/POC/output/wf311613-standalone-murphy-bed/short/final-short02-1080p/WF311613-short02-FINAL-music-master.wav':
  Metadata:
    encoder         : Lavf62.12.102
  Duration: 00:00:58.00, bitrate: 2304 kb/s
  Stream #1:0: Audio: pcm_s24le ([1][0][0][0] / 0x0001), 48000 Hz, stereo, s32 (24 bit), 2304 kb/s
Stream mapping:
  Stream #0:0 -> #0:0 (copy)
  Stream #1:0 -> #0:1 (pcm_s24le (native) -> aac (native))
Output #0, mp4, to '/Users/quyth/development/three/POC/output/wf311613-standalone-murphy-bed/short/final-short02-1080p/WF311613-short02-FINAL-vertical-1080p.mp4':
  Metadata:
    encoder         : Lavf62.12.102
  Stream #0:0: Video: h264 (High) (avc1 / 0x31637661), yuv420p(progressive), 1080x1920, q=2-31, 729 kb/s, 30 fps, 30 tbr, 15360 tbn (default)
  Stream #0:1: Audio: aac (LC) (mp4a / 0x6134706D), 48000 Hz, stereo, fltp, 256 kb/s
    Metadata:
      encoder         : Lavc62.28.102 aac
frame= 1289 fps=0.0 q=-1.0 size=    4864KiB time=00:00:42.77 bitrate= 931.6kbits/s speed=85.4x elapsed=0:00:00.50    [mp4 @ 0x155f20c30] Starting second pass: moving the moov atom to the beginning of the file
[out#0/mp4 @ 0x155f20b00] video:5162KiB audio:1823KiB subtitle:0KiB other streams:0KiB global headers:0KiB muxing overhead: 0.908204%
frame= 1740 fps=0.0 q=-1.0 Lsize=    7048KiB time=00:00:57.93 bitrate= 996.7kbits/s speed=87.6x elapsed=0:00:00.66    
[aac @ 0x155f21ed0] Qavg: 668.039
