Input #0, mov,mp4,m4a,3gp,3g2,mj2, from '/Users/quyth/development/three/POC/output/wf311613-standalone-murphy-bed/short/final-short02-1080p/WF311613-short02-FINAL-vertical-1080p.mp4':
  Metadata:
    major_brand     : isom
    minor_version   : 512
    compatible_brands: isomiso2avc1mp41
    encoder         : Lavf62.12.102
  Duration: 00:00:58.00, start: 0.000000, bitrate: 995 kb/s
  Stream #0:0[0x1](und): Video: h264 (High) (avc1 / 0x31637661), yuv420p(progressive), 1080x1920, 729 kb/s, 30 fps, 30 tbr, 15360 tbn (default)
    Metadata:
      handler_name    : VideoHandler
  Stream #0:1[0x2](und): Audio: aac (LC) (mp4a / 0x6134706D), 48000 Hz, stereo, fltp, 257 kb/s (default)
    Metadata:
      handler_name    : SoundHandler
Stream mapping:
  Stream #0:1 -> #0:0 (copy)
Output #0, ipod, to '/Users/quyth/development/three/POC/output/wf311613-standalone-murphy-bed/short/final-short02-1080p/WF311613-short02-FINAL-music-preview.m4a':
  Metadata:
    encoder         : Lavf62.12.102
  Stream #0:0: Audio: aac (LC) (mp4a / 0x6134706D), 48000 Hz, stereo, fltp, 257 kb/s (default)
[ipod @ 0x12be20640] Starting second pass: moving the moov atom to the beginning of the file
[out#0/ipod @ 0x12be251d0] video:0KiB audio:1823KiB subtitle:0KiB other streams:0KiB global headers:0KiB muxing overhead: 0.626853%
size=    1835KiB time=00:00:58.00 bitrate= 259.1kbits/s speed=1.34e+04x elapsed=0:00:00.00    
