Input #0, mov,mp4,m4a,3gp,3g2,mj2, from '/Users/quyth/development/three/POC/output/wf311613-standalone-murphy-bed/short/final-short02-1080p/WF311613-short02-FINAL-vertical-1080p.mp4':
  Metadata:
    major_brand     : isom
    minor_version   : 512
    compatible_brands: isomiso2avc1mp41
    encoder         : Lavf62.12.102
  Duration: 00:00:58.00, start: 0.000000, bitrate: 995 kb/s
  Stream #0:0[0x1](und): Video: h264 (High) (avc1 / 0x31637661), yuv420p(progressive), 1080x1920, 729 kb/s, 30 fps, 30 tbr, 15360 tbn (default)
    Metadata:
      handler_name    : VideoHandler
  Stream #0:1[0x2](und): Audio: aac (LC) (mp4a / 0x6134706D), 48000 Hz, stereo, fltp, 257 kb/s (default)
    Metadata:
      handler_name    : SoundHandler
Stream mapping:
  Stream #0:1 -> #0:0 (aac (native) -> pcm_s16le (native))
Output #0, null, to 'pipe:':
  Metadata:
    major_brand     : isom
    minor_version   : 512
    compatible_brands: isomiso2avc1mp41
    encoder         : Lavf62.12.102
  Stream #0:0(und): Audio: pcm_s16le, 192000 Hz, stereo, s16, 6144 kb/s (default)
    Metadata:
      encoder         : Lavc62.28.102 pcm_s16le
      handler_name    : SoundHandler
size=N/A time=00:00:18.20 bitrate=N/A speed=  36x elapsed=0:00:00.50    size=N/A time=00:00:37.80 bitrate=N/A speed=37.4x elapsed=0:00:01.00    [Parsed_loudnorm_0 @ 0x1517060f0] 
{
	"input_i" : "-14.51",
	"input_tp" : "-3.96",
	"input_lra" : "1.30",
	"input_thresh" : "-24.54",
	"output_i" : "-15.26",
	"output_tp" : "-5.02",
	"output_lra" : "1.20",
	"output_thresh" : "-25.28",
	"normalization_type" : "dynamic",
	"target_offset" : "0.26"
}
[out#0/null @ 0x151613ac0] video:0KiB audio:43504KiB subtitle:0KiB other streams:0KiB global headers:0KiB muxing overhead: unknown
size=N/A time=00:00:58.10 bitrate=N/A speed=38.6x elapsed=0:00:01.50    
