START d0f4b8c2-20d6-46c0-98a5-61a069824580 1740 /Users/quyth/development/three/POC/output/export-jobs/render-vertical-1080p-e7ecb50d55c4-d0f4b8c2-20d6-46c0-98a5-61a069824580/final/WF311613-short02-visual-review-v1-vertical-1080p.mp4
2026-10-06T11:07:40.429Z queued 0 0 6 Waiting to prepare generation…
2026-10-06T11:07:50.435Z rendering 0 0 6 Rendering work chunk 1 of 6…
2026-10-06T11:09:20.481Z rendering 37 0 6 Rendering work chunk 1 of 6…
2026-10-06T11:09:30.519Z rendering 80 0 6 Rendering work chunk 1 of 6…
2026-10-06T11:09:40.526Z rendering 121 0 6 Rendering work chunk 1 of 6…
2026-10-06T11:09:50.533Z rendering 165 0 6 Rendering work chunk 1 of 6…
2026-10-06T11:10:00.540Z rendering 215 0 6 Rendering work chunk 1 of 6…
2026-10-06T11:10:10.547Z rendering 264 0 6 Rendering work chunk 1 of 6…
2026-10-06T11:10:20.555Z rendering 311 1 6 Rendering work chunk 2 of 6…
2026-10-06T11:10:30.563Z rendering 360 1 6 Rendering work chunk 2 of 6…
2026-10-06T11:10:40.572Z rendering 394 1 6 Rendering work chunk 2 of 6…
2026-10-06T11:10:50.579Z rendering 424 1 6 Rendering work chunk 2 of 6…
2026-10-06T11:11:00.587Z rendering 454 1 6 Rendering work chunk 2 of 6…
2026-10-06T11:11:10.595Z rendering 484 1 6 Rendering work chunk 2 of 6…
2026-10-06T11:11:20.603Z rendering 513 1 6 Rendering work chunk 2 of 6…
2026-10-06T11:11:30.611Z rendering 563 1 6 Rendering work chunk 2 of 6…
2026-10-06T11:11:40.618Z rendering 597 1 6 Rendering work chunk 2 of 6…
2026-10-06T11:11:50.626Z rendering 628 2 6 Rendering work chunk 3 of 6…
2026-10-06T11:12:00.633Z rendering 659 2 6 Rendering work chunk 3 of 6…
2026-10-06T11:12:10.641Z rendering 690 2 6 Rendering work chunk 3 of 6…
2026-10-06T11:12:20.648Z rendering 720 2 6 Rendering work chunk 3 of 6…
2026-10-06T11:12:30.656Z rendering 751 2 6 Rendering work chunk 3 of 6…
2026-10-06T11:12:40.693Z rendering 781 2 6 Rendering work chunk 3 of 6…
2026-10-06T11:12:50.701Z rendering 813 2 6 Rendering work chunk 3 of 6…
2026-10-06T11:13:00.709Z rendering 847 2 6 Rendering work chunk 3 of 6…
2026-10-06T11:13:10.717Z rendering 878 2 6 Rendering work chunk 3 of 6…
2026-10-06T11:13:20.725Z rendering 929 3 6 Rendering work chunk 4 of 6…
2026-10-06T11:13:30.737Z rendering 997 3 6 Rendering work chunk 4 of 6…
2026-10-06T11:13:40.748Z rendering 1061 3 6 Rendering work chunk 4 of 6…
2026-10-06T11:13:50.755Z rendering 1106 3 6 Rendering work chunk 4 of 6…
2026-10-06T11:14:00.764Z rendering 1144 3 6 Rendering work chunk 4 of 6…
2026-10-06T11:14:10.771Z rendering 1185 3 6 Rendering work chunk 4 of 6…
2026-10-06T11:14:20.778Z rendering 1228 4 6 Rendering work chunk 5 of 6…
2026-10-06T11:14:30.784Z rendering 1270 4 6 Rendering work chunk 5 of 6…
2026-10-06T11:14:40.791Z rendering 1313 4 6 Rendering work chunk 5 of 6…
2026-10-06T11:14:50.800Z rendering 1348 4 6 Rendering work chunk 5 of 6…
2026-10-06T11:15:00.807Z rendering 1381 4 6 Rendering work chunk 5 of 6…
2026-10-06T11:15:10.813Z rendering 1412 4 6 Rendering work chunk 5 of 6…
2026-10-06T11:15:20.820Z rendering 1444 4 6 Rendering work chunk 5 of 6…
2026-10-06T11:15:30.826Z rendering 1475 4 6 Rendering work chunk 5 of 6…
2026-10-06T11:15:41.131Z rendering 1500 5 6 Rendering work chunk 6 of 6…
2026-10-06T11:17:21.274Z rendering 1532 5 6 Rendering work chunk 6 of 6…
2026-10-06T11:17:31.312Z rendering 1568 5 6 Rendering work chunk 6 of 6…
2026-10-06T11:17:41.319Z rendering 1615 5 6 Rendering work chunk 6 of 6…
2026-10-06T11:17:51.326Z rendering 1662 5 6 Rendering work chunk 6 of 6…
2026-10-06T11:18:01.332Z rendering 1709 5 6 Rendering work chunk 6 of 6…
2026-10-06T11:18:11.375Z validating_frames 1740 6 6 Validating the complete frame sequence…
2026-10-06T11:19:21.581Z encoding 1740 6 6 Encoding validated frames…
2026-10-06T11:19:31.586Z completed 1740 6 6 Generation complete. Ready to download.
