START 83efd779-6e68-4ac7-90a4-9df53f85aadf 1740 /Users/quyth/development/three/POC/output/export-jobs/render-vertical-1080p-5fdbffb9812f-83efd779-6e68-4ac7-90a4-9df53f85aadf/final/WF311613-short01-visual-review-v1-vertical-1080p.mp4
2026-10-06T09:13:13.023Z queued 0 0 6 Waiting to prepare generation…
2026-10-06T09:13:23.030Z rendering 0 0 6 Rendering work chunk 1 of 6…
2026-10-06T09:14:33.077Z rendering 43 0 6 Rendering work chunk 1 of 6…
2026-10-06T09:14:43.106Z rendering 86 0 6 Rendering work chunk 1 of 6…
2026-10-06T09:14:53.116Z rendering 128 0 6 Rendering work chunk 1 of 6…
2026-10-06T09:15:03.126Z rendering 173 0 6 Rendering work chunk 1 of 6…
2026-10-06T09:15:13.136Z rendering 226 0 6 Rendering work chunk 1 of 6…
2026-10-06T09:15:23.145Z rendering 276 0 6 Rendering work chunk 1 of 6…
2026-10-06T09:15:33.155Z rendering 322 1 6 Rendering work chunk 2 of 6…
2026-10-06T09:15:43.165Z rendering 361 1 6 Rendering work chunk 2 of 6…
2026-10-06T09:15:53.174Z rendering 397 1 6 Rendering work chunk 2 of 6…
2026-10-06T09:16:03.181Z rendering 428 1 6 Rendering work chunk 2 of 6…
2026-10-06T09:16:13.190Z rendering 459 1 6 Rendering work chunk 2 of 6…
2026-10-06T09:16:23.199Z rendering 489 1 6 Rendering work chunk 2 of 6…
2026-10-06T09:16:33.208Z rendering 519 1 6 Rendering work chunk 2 of 6…
2026-10-06T09:16:43.218Z rendering 549 1 6 Rendering work chunk 2 of 6…
2026-10-06T09:16:53.228Z rendering 582 1 6 Rendering work chunk 2 of 6…
2026-10-06T09:17:03.239Z cancelled 587 1 6 Generation cancelled. Checkpoint and valid frames kept.
Error: {"id":"83efd779-6e68-4ac7-90a4-9df53f85aadf","productId":"wf311613-final-micro-pass","productName":"Standalone Murphy Bed · Final micro-pass · QA only","filename":"WF311613-short01-visual-review-v1-vertical-1080p.mp4","outputFilename":"WF311613-short01-visual-review-v1-vertical-1080p.mp4","outputPath":"/Users/quyth/development/three/POC/output/export-jobs/render-vertical-1080p-5fdbffb9812f-83efd779-6e68-4ac7-90a4-9df53f85aadf/final/WF311613-short01-visual-review-v1-vertical-1080p.mp4","frameDirectory":"/Users/quyth/development/three/POC/output/export-jobs/render-vertical-1080p-5fdbffb9812f-83efd779-6e68-4ac7-90a4-9df53f85aadf/frames","profileId":"vertical-1080p","profileLabel":"Vertical — 1080×1920","codec":"h264","pixelFormat":"yuv420p","videoId":"wf311613-short01-visual-v1","videoHash":"30c7eaf84a32d60e60a19493416e68f8dda8b636afc0752dc5fdea604e10deb1","renderIdentity":"76c7e6e6ba5db2fdcdf816cafeae0d7ab8414975fb87550a5609a38f4a3594a9","creativeHash":"766c94309e70138518ed43b03e488751b79ccbf178670bc891a16a6d93363e5b","width":1080,"height":1920,"fps":30,"duration":58,"timelineDuration":58,"status":"cancelled","progress":30,"progressKind":"indeterminate","currentFrame":587,"totalFrames":1740,"message":"Generation cancelled. Checkpoint and valid frames kept.","createdAt":"2026-10-06T09:13:12.981Z","updatedAt":"2026-10-06T09:16:55.183Z","validFrames":587,"currentChunk":{"index":1,"start":300,"end":599,"status":"rendering","validFrames":287,"retries":0},"stage":"cancelled","completedChunks":1,"totalChunks":6,"chunkSize":300,"elapsedSeconds":222,"canResume":true,"canCancel":false,"canDelete":true,"hasAudio":false}
    at main (/private/tmp/run-short-full.cjs:15:524)
