still AFTER-467 467
still CLOSE-UP-467 467
still WIDER-CONTEXT-467 467
still CLOSED-ENDPOINT 509.5
still OPEN-ENDPOINT 516.5
still FINAL-ASSEMBLED 503
FRAME 0 / 1719 global 460
FRAME 90 / 1719 global 463
FRAME 180 / 1719 global 466
FRAME 270 / 1719 global 469
FRAME 360 / 1719 global 472
FRAME 450 / 1719 global 475
FRAME 540 / 1719 global 478
FRAME 630 / 1719 global 481
FRAME 720 / 1719 global 484
FRAME 810 / 1719 global 487
FRAME 900 / 1719 global 490
FRAME 990 / 1719 global 493
FRAME 1080 / 1719 global 496
FRAME 1170 / 1719 global 499
FRAME 1260 / 1719 global 502
FRAME 1350 / 1719 global 505
FRAME 1440 / 1719 global 508
FRAME 1530 / 1719 global 511
FRAME 1620 / 1719 global 514
FRAME 1710 / 1719 global 517
COMPLETE /Users/quyth/development/three/POC/output/wf311613-standalone-murphy-bed/final/product-fit-hole-audit/wf311613-late-fit-hole-QA-720p.mp4
