
frame=1994
fps=0.00
stream_0_0_q=-0.0
bitrate=N/A
total_size=N/A
out_time_us=66466667
out_time_ms=66466667
out_time=00:01:06.466667
dup_frames=0
drop_frames=0
speed= 133x
progress=continue
frame=4035
fps=3996.66
stream_0_0_q=-0.0
bitrate=N/A
total_size=N/A
out_time_us=134500000
out_time_ms=134500000
out_time=00:02:14.500000
dup_frames=0
drop_frames=0
speed= 133x
progress=continue
frame=6047
fps=4003.59
stream_0_0_q=-0.0
bitrate=N/A
total_size=N/A
out_time_us=201533333
out_time_ms=201533333
out_time=00:03:21.533333
dup_frames=0
drop_frames=0
speed= 133x
progress=continue
frame=8366
fps=4140.61
stream_0_0_q=-0.0
bitrate=N/A
total_size=N/A
out_time_us=278866667
out_time_ms=278866667
out_time=00:04:38.866667
dup_frames=0
drop_frames=0
speed= 138x
progress=continue
frame=10635
fps=4202.71
stream_0_0_q=-0.0
bitrate=N/A
total_size=N/A
out_time_us=354500000
out_time_ms=354500000
out_time=00:05:54.500000
dup_frames=0
drop_frames=0
speed= 140x
progress=continue
frame=13574
fps=4466.97
stream_0_0_q=-0.0
bitrate=N/A
total_size=N/A
out_time_us=452466667
out_time_ms=452466667
out_time=00:07:32.466667
dup_frames=0
drop_frames=0
speed= 149x
progress=continue
frame=15722
fps=4691.30
stream_0_0_q=-0.0
bitrate=N/A
total_size=N/A
out_time_us=524066667
out_time_ms=524066667
out_time=00:08:44.066667
dup_frames=0
drop_frames=0
speed= 156x
progress=end
