Input #0, mov,mp4,m4a,3gp,3g2,mj2, from '/Users/quyth/development/three/POC/output/wf311613-standalone-murphy-bed/final/wf311613-polish-02b-visual-master-720p.mp4':
  Metadata:
    major_brand     : isom
    minor_version   : 512
    compatible_brands: isomiso2avc1mp41
    encoder         : Lavf62.12.102
  Duration: 00:08:39.07, start: 0.000000, bitrate: 458 kb/s
  Stream #0:0[0x1](und): Video: h264 (High) (avc1 / 0x31637661), yuv420p(progressive), 1280x720, 455 kb/s, 30 fps, 30 tbr, 15360 tbn (default)
    Metadata:
      handler_name    : VideoHandler
      encoder         : Lavc62.28.102 libx264
Stream mapping:
  Stream #0:0 -> #0:0 (h264 (native) -> wrapped_avframe (native))
Output #0, null, to 'pipe:':
  Metadata:
    major_brand     : isom
    minor_version   : 512
    compatible_brands: isomiso2avc1mp41
    encoder         : Lavf62.12.102
  Stream #0:0(und): Video: wrapped_avframe, yuv420p(progressive), 1280x720, q=2-31, 200 kb/s, 30 fps, 30 tbn (default)
    Metadata:
      encoder         : Lavc62.28.102 wrapped_avframe
      handler_name    : VideoHandler
frame= 2054 fps=0.0 q=-0.0 size=N/A time=00:01:08.46 bitrate=N/A speed= 137x elapsed=0:00:00.50    frame= 4119 fps=4072 q=-0.0 size=N/A time=00:02:17.30 bitrate=N/A speed= 136x elapsed=0:00:01.01    frame= 5970 fps=3923 q=-0.0 size=N/A time=00:03:19.00 bitrate=N/A speed= 131x elapsed=0:00:01.52    frame= 8104 fps=3989 q=-0.0 size=N/A time=00:04:30.13 bitrate=N/A speed= 133x elapsed=0:00:02.03    frame=10062 fps=3959 q=-0.0 size=N/A time=00:05:35.40 bitrate=N/A speed= 132x elapsed=0:00:02.54    frame=12696 fps=4170 q=-0.0 size=N/A time=00:07:03.20 bitrate=N/A speed= 139x elapsed=0:00:03.04    frame=15341 fps=4315 q=-0.0 size=N/A time=00:08:31.36 bitrate=N/A speed= 144x elapsed=0:00:03.55    [out#0/null @ 0x13de1d840] video:6448KiB audio:0KiB subtitle:0KiB other streams:0KiB global headers:0KiB muxing overhead: unknown
frame=15572 fps=4327 q=-0.0 Lsize=N/A time=00:08:39.06 bitrate=N/A speed= 144x elapsed=0:00:03.59    
